Component: ARM Compiler 5.06 update 6 (build 750) Tool: armlink [4d35ed]

==============================================================================

Section Cross References

    startup_stm32f427xx.o(RESET) refers to startup_stm32f427xx.o(STACK) for __initial_sp
    startup_stm32f427xx.o(RESET) refers to startup_stm32f427xx.o(.text) for Reset_Handler
    startup_stm32f427xx.o(RESET) refers to stm32f4xx_it.o(i.NMI_Handler) for NMI_Handler
    startup_stm32f427xx.o(RESET) refers to stm32f4xx_it.o(i.HardFault_Handler) for HardFault_Handler
    startup_stm32f427xx.o(RESET) refers to stm32f4xx_it.o(i.MemManage_Handler) for MemManage_Handler
    startup_stm32f427xx.o(RESET) refers to stm32f4xx_it.o(i.BusFault_Handler) for BusFault_Handler
    startup_stm32f427xx.o(RESET) refers to stm32f4xx_it.o(i.UsageFault_Handler) for UsageFault_Handler
    startup_stm32f427xx.o(RESET) refers to stm32f4xx_it.o(i.SVC_Handler) for SVC_Handler
    startup_stm32f427xx.o(RESET) refers to stm32f4xx_it.o(i.DebugMon_Handler) for DebugMon_Handler
    startup_stm32f427xx.o(RESET) refers to stm32f4xx_it.o(i.PendSV_Handler) for PendSV_Handler
    startup_stm32f427xx.o(RESET) refers to stm32f4xx_it.o(i.SysTick_Handler) for SysTick_Handler
    startup_stm32f427xx.o(RESET) refers to stm32f4xx_it.o(i.EXTI0_IRQHandler) for EXTI0_IRQHandler
    startup_stm32f427xx.o(RESET) refers to stm32f4xx_it.o(i.EXTI2_IRQHandler) for EXTI2_IRQHandler
    startup_stm32f427xx.o(RESET) refers to dma.o(i.DMA1_Stream1_IRQHandler) for DMA1_Stream1_IRQHandler
    startup_stm32f427xx.o(RESET) refers to dma.o(i.DMA1_Stream3_IRQHandler) for DMA1_Stream3_IRQHandler
    startup_stm32f427xx.o(RESET) refers to dma.o(i.DMA1_Stream5_IRQHandler) for DMA1_Stream5_IRQHandler
    startup_stm32f427xx.o(RESET) refers to dma.o(i.DMA1_Stream6_IRQHandler) for DMA1_Stream6_IRQHandler
    startup_stm32f427xx.o(RESET) refers to stm32f4xx_it.o(i.CAN1_TX_IRQHandler) for CAN1_TX_IRQHandler
    startup_stm32f427xx.o(RESET) refers to stm32f4xx_it.o(i.CAN1_RX0_IRQHandler) for CAN1_RX0_IRQHandler
    startup_stm32f427xx.o(RESET) refers to tim.o(i.TIM2_IRQHandler) for TIM2_IRQHandler
    startup_stm32f427xx.o(RESET) refers to tim.o(i.TIM3_IRQHandler) for TIM3_IRQHandler
    startup_stm32f427xx.o(RESET) refers to tim.o(i.TIM4_IRQHandler) for TIM4_IRQHandler
    startup_stm32f427xx.o(RESET) refers to usart.o(i.USART1_IRQHandler) for USART1_IRQHandler
    startup_stm32f427xx.o(RESET) refers to stm32f4xx_it.o(i.EXTI15_10_IRQHandler) for EXTI15_10_IRQHandler
    startup_stm32f427xx.o(RESET) refers to tim.o(i.TIM5_IRQHandler) for TIM5_IRQHandler
    startup_stm32f427xx.o(RESET) refers to dma.o(i.DMA2_Stream1_IRQHandler) for DMA2_Stream1_IRQHandler
    startup_stm32f427xx.o(RESET) refers to dma.o(i.DMA2_Stream2_IRQHandler) for DMA2_Stream2_IRQHandler
    startup_stm32f427xx.o(RESET) refers to stm32f4xx_it.o(i.CAN2_TX_IRQHandler) for CAN2_TX_IRQHandler
    startup_stm32f427xx.o(RESET) refers to stm32f4xx_it.o(i.CAN2_RX0_IRQHandler) for CAN2_RX0_IRQHandler
    startup_stm32f427xx.o(RESET) refers to stm32f4xx_it.o(i.OTG_FS_IRQHandler) for OTG_FS_IRQHandler
    startup_stm32f427xx.o(.text) refers to system_stm32f4xx.o(i.SystemInit) for SystemInit
    startup_stm32f427xx.o(.text) refers to entry.o(.ARM.Collect$$$$00000000) for __main
    stm32f4xx_hal_pcd.o(i.HAL_PCD_DeInit) refers to stm32f4xx_hal_pcd.o(i.HAL_PCD_Stop) for HAL_PCD_Stop
    stm32f4xx_hal_pcd.o(i.HAL_PCD_DeInit) refers to usbd_conf.o(i.HAL_PCD_MspDeInit) for HAL_PCD_MspDeInit
    stm32f4xx_hal_pcd.o(i.HAL_PCD_DevConnect) refers to stm32f4xx_ll_usb.o(i.USB_DevConnect) for USB_DevConnect
    stm32f4xx_hal_pcd.o(i.HAL_PCD_DevDisconnect) refers to stm32f4xx_ll_usb.o(i.USB_DevDisconnect) for USB_DevDisconnect
    stm32f4xx_hal_pcd.o(i.HAL_PCD_EP_Close) refers to stm32f4xx_ll_usb.o(i.USB_DeactivateEndpoint) for USB_DeactivateEndpoint
    stm32f4xx_hal_pcd.o(i.HAL_PCD_EP_ClrStall) refers to stm32f4xx_ll_usb.o(i.USB_EPClearStall) for USB_EPClearStall
    stm32f4xx_hal_pcd.o(i.HAL_PCD_EP_Flush) refers to stm32f4xx_ll_usb.o(i.USB_FlushTxFifo) for USB_FlushTxFifo
    stm32f4xx_hal_pcd.o(i.HAL_PCD_EP_Flush) refers to stm32f4xx_ll_usb.o(i.USB_FlushRxFifo) for USB_FlushRxFifo
    stm32f4xx_hal_pcd.o(i.HAL_PCD_EP_Open) refers to stm32f4xx_ll_usb.o(i.USB_ActivateEndpoint) for USB_ActivateEndpoint
    stm32f4xx_hal_pcd.o(i.HAL_PCD_EP_Receive) refers to stm32f4xx_ll_usb.o(i.USB_EP0StartXfer) for USB_EP0StartXfer
    stm32f4xx_hal_pcd.o(i.HAL_PCD_EP_Receive) refers to stm32f4xx_ll_usb.o(i.USB_EPStartXfer) for USB_EPStartXfer
    stm32f4xx_hal_pcd.o(i.HAL_PCD_EP_SetStall) refers to stm32f4xx_ll_usb.o(i.USB_EPSetStall) for USB_EPSetStall
    stm32f4xx_hal_pcd.o(i.HAL_PCD_EP_SetStall) refers to stm32f4xx_ll_usb.o(i.USB_EP0_OutStart) for USB_EP0_OutStart
    stm32f4xx_hal_pcd.o(i.HAL_PCD_EP_Transmit) refers to stm32f4xx_ll_usb.o(i.USB_EP0StartXfer) for USB_EP0StartXfer
[...]
    TIM6_DAC_IRQHandler                      0x080001db   Thumb Code     0  startup_stm32f427xx.o(.text)
    TIM7_IRQHandler                          0x080001db   Thumb Code     0  startup_stm32f427xx.o(.text)
    TIM8_BRK_TIM12_IRQHandler                0x080001db   Thumb Code     0  startup_stm32f427xx.o(.text)
    TIM8_CC_IRQHandler                       0x080001db   Thumb Code     0  startup_stm32f427xx.o(.text)
    TIM8_TRG_COM_TIM14_IRQHandler            0x080001db   Thumb Code     0  startup_stm32f427xx.o(.text)
    TIM8_UP_TIM13_IRQHandler                 0x080001db   Thumb Code     0  startup_stm32f427xx.o(.text)
    UART4_IRQHandler                         0x080001db   Thumb Code     0  startup_stm32f427xx.o(.text)
    UART5_IRQHandler                         0x080001db   Thumb Code     0  startup_stm32f427xx.o(.text)
    UART7_IRQHandler                         0x080001db   Thumb Code     0  startup_stm32f427xx.o(.text)
    UART8_IRQHandler                         0x080001db   Thumb Code     0  startup_stm32f427xx.o(.text)
    USART2_IRQHandler                        0x080001db   Thumb Code     0  startup_stm32f427xx.o(.text)
    USART3_IRQHandler                        0x080001db   Thumb Code     0  startup_stm32f427xx.o(.text)
    USART6_IRQHandler                        0x080001db   Thumb Code     0  startup_stm32f427xx.o(.text)
    WWDG_IRQHandler                          0x080001db   Thumb Code     0  startup_stm32f427xx.o(.text)
    __aeabi_memcpy                           0x080001e5   Thumb Code    36  memcpya.o(.text)
    __aeabi_memcpy4                          0x080001e5   Thumb Code     0  memcpya.o(.text)
    __aeabi_memcpy8                          0x080001e5   Thumb Code     0  memcpya.o(.text)
    __aeabi_memset                           0x08000209   Thumb Code    14  memseta.o(.text)
    __aeabi_memset4                          0x08000209   Thumb Code     0  memseta.o(.text)
    __aeabi_memset8                          0x08000209   Thumb Code     0  memseta.o(.text)
    __aeabi_memclr                           0x08000217   Thumb Code     4  memseta.o(.text)
    __aeabi_memclr4                          0x08000217   Thumb Code     0  memseta.o(.text)
    __aeabi_memclr8                          0x08000217   Thumb Code     0  memseta.o(.text)
    _memset$wrapper                          0x0800021b   Thumb Code    18  memseta.o(.text)
    __aeabi_dadd                             0x0800022d   Thumb Code   322  dadd.o(.text)
    __aeabi_dsub                             0x0800036f   Thumb Code     6  dadd.o(.text)
    __aeabi_drsub                            0x08000375   Thumb Code     6  dadd.o(.text)
    __aeabi_dmul                             0x0800037b   Thumb Code   228  dmul.o(.text)
    __aeabi_ddiv                             0x0800045f   Thumb Code   222  ddiv.o(.text)
    __aeabi_ui2d                             0x0800053d   Thumb Code    26  dfltui.o(.text)
    __aeabi_f2d                              0x08000557   Thumb Code    38  f2d.o(.text)
    __aeabi_cdcmpeq                          0x0800057d   Thumb Code     0  cdcmple.o(.text)
    __aeabi_cdcmple                          0x0800057d   Thumb Code    48  cdcmple.o(.text)
    __aeabi_cdrcmple                         0x080005ad   Thumb Code    48  cdrcmple.o(.text)
    __aeabi_d2f                              0x080005dd   Thumb Code    56  d2f.o(.text)
    __aeabi_llsl                             0x08000615   Thumb Code    30  llshl.o(.text)
    _ll_shift_l                              0x08000615   Thumb Code     0  llshl.o(.text)
    __aeabi_lasr                             0x08000633   Thumb Code    36  llsshr.o(.text)
    _ll_sshift_r                             0x08000633   Thumb Code     0  llsshr.o(.text)
    __I$use$fp                               0x08000657   Thumb Code     0  iusefp.o(.text)
    _float_round                             0x08000657   Thumb Code    18  fepilogue.o(.text)
    _float_epilogue                          0x08000669   Thumb Code    92  fepilogue.o(.text)
    _double_round                            0x080006c5   Thumb Code    30  depilogue.o(.text)
    _double_epilogue                         0x080006e3   Thumb Code   156  depilogue.o(.text)
    _dsqrt                                   0x0800077f   Thumb Code   162  dsqrt.o(.text)
    __scatterload                            0x08000821   Thumb Code    28  init.o(.text)
    __scatterload_rt2                        0x08000821   Thumb Code     0  init.o(.text)
    __aeabi_llsr                             0x08000845   Thumb Code    32  llushr.o(.text)
    _ll_ushift_r                             0x08000845   Thumb Code     0  llushr.o(.text)
    __aeabi_i2d                              0x08000865   Thumb Code    34  dflti.o(.text)
    __aeabi_d2iz                             0x08000887   Thumb Code    62  dfixi.o(.text)
    __decompress                             0x080008c5   Thumb Code     0  __dczerorl2.o(.text)
    __decompress1                            0x080008c5   Thumb Code    86  __dczerorl2.o(.text)
    ABSLimit                                 0x0800091b   Thumb Code    46  pid.o(i.ABSLimit)
    AmmoFun                                  0x08000949   Thumb Code    90  ammo.o(i.AmmoFun)
    AmmoInit                                 0x080009b1   Thumb Code   104  ammo.o(i.AmmoInit)
    AutoAmmo3                                0x08000a35   Thumb Code   464  ammo.o(i.AutoAmmo3)
    AutoGetAmmo                              0x08000c21   Thumb Code   278  ammo.o(i.AutoGetAmmo)
    AutoOffset                               0x08000d59   Thumb Code   462  m_imu.o(i.AutoOffset)
    BusFault_Handler                         0x08000f59   Thumb Code     4  stm32f4xx_it.o(i.BusFault_Handler)
    CAN1_RX0_IRQHandler                      0x08000f5d   Thumb Code    10  stm32f4xx_it.o(i.CAN1_RX0_IRQHandler)
    CAN1_TX_IRQHandler                       0x08000f6d   Thumb Code    10  stm32f4xx_it.o(i.CAN1_TX_IRQHandler)
    CAN2_RX0_IRQHandler                      0x08000f7d   Thumb Code    10  stm32f4xx_it.o(i.CAN2_RX0_IRQHandler)
    CAN2_TX_IRQHandler                       0x08000f8d   Thumb Code    10  stm32f4xx_it.o(i.CAN2_TX_IRQHandler)
    CAN_Filter_Init_Recv_All                 0x08000f9d   Thumb Code    78  can.o(i.CAN_Filter_Init_Recv_All)
    CaptureMotoCtrl                          0x08001225   Thumb Code   808  ammo.o(i.CaptureMotoCtrl)
    ChassisAllSet                            0x0800159d   Thumb Code   436  chassis.o(i.ChassisAllSet)
    ChassisChangeVersion                     0x08001779   Thumb Code   176  chassis.o(i.ChassisChangeVersion)
    ChassisFollow                            0x0800183d   Thumb Code   142  chassis.o(i.ChassisFollow)
    ChassisFun                               0x080018e5   Thumb Code   100  chassis.o(i.ChassisFun)
    ChassisMotion                            0x08001951   Thumb Code    94  chassis.o(i.ChassisMotion)
    ChassisSetAngle                          0x080019c5   Thumb Code  1136  chassis.o(i.ChassisSetAngle)
    ChassisSetSpeed                          0x08001e35   Thumb Code  1116  chassis.o(i.ChassisSetSpeed)
    Chassis_Init                             0x08002291   Thumb Code   122  chassis.o(i.Chassis_Init)
    ClearTotalRound                          0x0800232d   Thumb Code    40  chassis.o(i.ClearTotalRound)
    CustomSend                               0x0800235d   Thumb Code   158  dji_protocol.o(i.CustomSend)
    CustomTransmit                           0x08002415   Thumb Code   228  dji_protocol.o(i.CustomTransmit)
    CylinderEnable                           0x08002509   Thumb Code   272  cylinder.o(i.CylinderEnable)
    CylinderSetControl                       0x08002625   Thumb Code   386  cylinder.o(i.CylinderSetControl)
    DMA1_Stream1_IRQHandler                  0x080027bd   Thumb Code    10  dma.o(i.DMA1_Stream1_IRQHandler)
    DMA1_Stream3_IRQHandler                  0x080027cd   Thumb Code    10  dma.o(i.DMA1_Stream3_IRQHandler)
    DMA1_Stream5_IRQHandler                  0x080027dd   Thumb Code    10  dma.o(i.DMA1_Stream5_IRQHandler)
    DMA1_Stream6_IRQHandler                  0x080027ed   Thumb Code    10  dma.o(i.DMA1_Stream6_IRQHandler)
    DMA2_Stream1_IRQHandler                  0x080027fd   Thumb Code    10  dma.o(i.DMA2_Stream1_IRQHandler)
    DMA2_Stream2_IRQHandler                  0x0800280d   Thumb Code    10  dma.o(i.DMA2_Stream2_IRQHandler)
    DebugMon_Handler                         0x08002937   Thumb Code     2  stm32f4xx_it.o(i.DebugMon_Handler)
    EXTI0_IRQHandler                         0x08002939   Thumb Code    10  stm32f4xx_it.o(i.EXTI0_IRQHandler)
    EXTI15_10_IRQHandler                     0x08002943   Thumb Code    12  stm32f4xx_it.o(i.EXTI15_10_IRQHandler)
    EXTI2_IRQHandler                         0x0800294f   Thumb Code    10  stm32f4xx_it.o(i.EXTI2_IRQHandler)
    EncoderParaInit                          0x08002959   Thumb Code    30  moto_encoder.o(i.EncoderParaInit)
    Error_Handler                            0x08002981   Thumb Code     4  main.o(i.Error_Handler)
    GenerallyKeySetControl                   0x08002985   Thumb Code    70  robodata.o(i.GenerallyKeySetControl)
    GenerallySetChassisSpeed                 0x080029d9   Thumb Code   618  robodata.o(i.GenerallySetChassisSpeed)
    GenerallySetRaisingHeight                0x08002c89   Thumb Code    66  robodata.o(i.GenerallySetRaisingHeight)
    GetAverage                               0x08002cd1   Thumb Code    52  m_imu.o(i.GetAverage)
    GetDataBit                               0x08002d09   Thumb Code    66  dji_protocol.o(i.GetDataBit)
    GetEncoderMeasure                        0x08002d4d   Thumb Code   280  moto_encoder.o(i.GetEncoderMeasure)
    GetRemoteControlData                     0x08002e69   Thumb Code    54  robodata.o(i.GetRemoteControlData)
    GetVariance                              0x08002ea9   Thumb Code   100  m_imu.o(i.GetVariance)
    Get_CRC16_Check_Sum                      0x08002f11   Thumb Code    46  dji_protocol.o(i.Get_CRC16_Check_Sum)
    Get_CRC8_Check_Sum                       0x08002f45   Thumb Code    30  dji_protocol.o(i.Get_CRC8_Check_Sum)
    GyroQueue                                0x08002f69   Thumb Code   266  m_imu.o(i.GyroQueue)
    HAL_CAN_ConfigFilter                     0x08003089   Thumb Code   294  stm32f4xx_hal_can.o(i.HAL_CAN_ConfigFilter)
    HAL_CAN_ErrorCallback                    0x080031b5   Thumb Code     2  stm32f4xx_hal_can.o(i.HAL_CAN_ErrorCallback)
    HAL_CAN_IRQHandler                       0x080031b9   Thumb Code   446  stm32f4xx_hal_can.o(i.HAL_CAN_IRQHandler)
    HAL_CAN_Init                             0x08003385   Thumb Code   448  stm32f4xx_hal_can.o(i.HAL_CAN_Init)
    HAL_CAN_MspInit                          0x08003545   Thumb Code   282  can.o(i.HAL_CAN_MspInit)
    HAL_CAN_Receive_IT                       0x08003679   Thumb Code   174  stm32f4xx_hal_can.o(i.HAL_CAN_Receive_IT)
    HAL_CAN_RxCpltCallback                   0x08003729   Thumb Code   220  can_callback.o(i.HAL_CAN_RxCpltCallback)
    HAL_CAN_Transmit                         0x0800381d   Thumb Code   594  stm32f4xx_hal_can.o(i.HAL_CAN_Transmit)
    HAL_CAN_TxCpltCallback                   0x08003a7d   Thumb Code     2  stm32f4xx_hal_can.o(i.HAL_CAN_TxCpltCallback)
    HAL_DMA_Abort_IT                         0x08003a7f   Thumb Code    40  stm32f4xx_hal_dma.o(i.HAL_DMA_Abort_IT)
    HAL_DMA_DeInit                           0x08003aa7   Thumb Code    98  stm32f4xx_hal_dma.o(i.HAL_DMA_DeInit)
    HAL_DMA_IRQHandler                       0x08003b09   Thumb Code   574  stm32f4xx_hal_dma.o(i.HAL_DMA_IRQHandler)
    HAL_DMA_Init                             0x08003d51   Thumb Code   228  stm32f4xx_hal_dma.o(i.HAL_DMA_Init)
    HAL_DMA_Start_IT                         0x08003e39   Thumb Code   158  stm32f4xx_hal_dma.o(i.HAL_DMA_Start_IT)
    HAL_Delay                                0x08003ed7   Thumb Code    26  stm32f4xx_hal.o(i.HAL_Delay)
    HAL_GPIO_EXTI_Callback                   0x08003ef1   Thumb Code    82  gpio_callback.o(i.HAL_GPIO_EXTI_Callback)
    HAL_GPIO_EXTI_IRQHandler                 0x08003f51   Thumb Code    24  stm32f4xx_hal_gpio.o(i.HAL_GPIO_EXTI_IRQHandler)
    HAL_GPIO_Init                            0x08003f6d   Thumb Code   486  stm32f4xx_hal_gpio.o(i.HAL_GPIO_Init)
    HAL_GPIO_ReadPin                         0x08004189   Thumb Code    16  stm32f4xx_hal_gpio.o(i.HAL_GPIO_ReadPin)
    HAL_GPIO_WritePin                        0x08004199   Thumb Code    12  stm32f4xx_hal_gpio.o(i.HAL_GPIO_WritePin)
    HAL_GetTick                              0x080041a5   Thumb Code     6  stm32f4xx_hal.o(i.HAL_GetTick)
    HAL_IncTick                              0x080041b1   Thumb Code    12  stm32f4xx_hal.o(i.HAL_IncTick)
    HAL_Init                                 0x080041c1   Thumb Code    54  stm32f4xx_hal.o(i.HAL_Init)
    HAL_InitTick                             0x080041fd   Thumb Code    36  stm32f4xx_hal.o(i.HAL_InitTick)
    HAL_MspInit                              0x08004225   Thumb Code    86  stm32f4xx_hal_msp.o(i.HAL_MspInit)
    HAL_MultiProcessor_Init                  0x0800427b   Thumb Code   154  stm32f4xx_hal_uart.o(i.HAL_MultiProcessor_Init)
    HAL_NVIC_EnableIRQ                       0x08004315   Thumb Code    26  stm32f4xx_hal_cortex.o(i.HAL_NVIC_EnableIRQ)
    HAL_NVIC_SetPriority                     0x0800432f   Thumb Code   124  stm32f4xx_hal_cortex.o(i.HAL_NVIC_SetPriority)
    HAL_NVIC_SetPriorityGrouping             0x080043ad   Thumb Code    32  stm32f4xx_hal_cortex.o(i.HAL_NVIC_SetPriorityGrouping)
    HAL_NVIC_SystemReset                     0x080043d5   Thumb Code    60  stm32f4xx_hal_cortex.o(i.HAL_NVIC_SystemReset)
    HAL_PCD_ConnectCallback                  0x08004419   Thumb Code    14  usbd_conf.o(i.HAL_PCD_ConnectCallback)
    HAL_PCD_DataInStageCallback              0x08004427   Thumb Code    32  usbd_conf.o(i.HAL_PCD_DataInStageCallback)
    HAL_PCD_DataOutStageCallback             0x08004447   Thumb Code    32  usbd_conf.o(i.HAL_PCD_DataOutStageCallback)
    HAL_PCD_DisconnectCallback               0x08004467   Thumb Code    14  usbd_conf.o(i.HAL_PCD_DisconnectCallback)
    HAL_PCD_EP_ClrStall                      0x08004475   Thumb Code   104  stm32f4xx_hal_pcd.o(i.HAL_PCD_EP_ClrStall)
    HAL_PCD_EP_Open                          0x080044dd   Thumb Code   140  stm32f4xx_hal_pcd.o(i.HAL_PCD_EP_Open)
    HAL_PCD_EP_Receive                       0x08004569   Thumb Code   120  stm32f4xx_hal_pcd.o(i.HAL_PCD_EP_Receive)
    HAL_PCD_EP_SetStall                      0x080045e1   Thumb Code   122  stm32f4xx_hal_pcd.o(i.HAL_PCD_EP_SetStall)
    HAL_PCD_EP_Transmit                      0x0800465b   Thumb Code   122  stm32f4xx_hal_pcd.o(i.HAL_PCD_EP_Transmit)
    HAL_PCD_IRQHandler                       0x080046d5   Thumb Code  1642  stm32f4xx_hal_pcd.o(i.HAL_PCD_IRQHandler)
    HAL_PCD_ISOINIncompleteCallback          0x08004d69   Thumb Code    18  usbd_conf.o(i.HAL_PCD_ISOINIncompleteCallback)
    HAL_PCD_ISOOUTIncompleteCallback         0x08004d7b   Thumb Code    18  usbd_conf.o(i.HAL_PCD_ISOOUTIncompleteCallback)
    HAL_PCD_ResetCallback                    0x08004d8d   Thumb Code    50  usbd_conf.o(i.HAL_PCD_ResetCallback)
    HAL_PCD_ResumeCallback                   0x08004dbf   Thumb Code    14  usbd_conf.o(i.HAL_PCD_ResumeCallback)
    HAL_PCD_SOFCallback                      0x08004dcd   Thumb Code    14  usbd_conf.o(i.HAL_PCD_SOFCallback)
    HAL_PCD_SetAddress                       0x08004ddb   Thumb Code    50  stm32f4xx_hal_pcd.o(i.HAL_PCD_SetAddress)
    HAL_PCD_SetupStageCallback               0x08004e0d   Thumb Code    18  usbd_conf.o(i.HAL_PCD_SetupStageCallback)
    HAL_PCD_SuspendCallback                  0x08004e21   Thumb Code    46  usbd_conf.o(i.HAL_PCD_SuspendCallback)
    HAL_RCC_ClockConfig                      0x08004e55   Thumb Code   446  stm32f4xx_hal_rcc.o(i.HAL_RCC_ClockConfig)
    HAL_RCC_GetHCLKFreq                      0x08005025   Thumb Code     6  stm32f4xx_hal_rcc.o(i.HAL_RCC_GetHCLKFreq)
    HAL_RCC_GetPCLK1Freq                     0x08005031   Thumb Code    36  stm32f4xx_hal_rcc.o(i.HAL_RCC_GetPCLK1Freq)
    HAL_RCC_GetPCLK2Freq                     0x0800505d   Thumb Code    36  stm32f4xx_hal_rcc.o(i.HAL_RCC_GetPCLK2Freq)
    HAL_RCC_GetSysClockFreq                  0x08005089   Thumb Code   168  stm32f4xx_hal_rcc.o(i.HAL_RCC_GetSysClockFreq)
    HAL_RCC_OscConfig                        0x0800513d   Thumb Code   906  stm32f4xx_hal_rcc.o(i.HAL_RCC_OscConfig)
    HAL_SPI_Init                             0x080054d9   Thumb Code   140  stm32f4xx_hal_spi.o(i.HAL_SPI_Init)
    HAL_SPI_MspInit                          0x08005565   Thumb Code    80  spi.o(i.HAL_SPI_MspInit)
    HAL_SPI_TransmitReceive                  0x080055c1   Thumb Code   542  stm32f4xx_hal_spi.o(i.HAL_SPI_TransmitReceive)
    HAL_SYSTICK_CLKSourceConfig              0x080057df   Thumb Code    40  stm32f4xx_hal_cortex.o(i.HAL_SYSTICK_CLKSourceConfig)
    HAL_SYSTICK_Callback                     0x08005807   Thumb Code     2  stm32f4xx_hal_cortex.o(i.HAL_SYSTICK_Callback)
    HAL_SYSTICK_Config                       0x08005809   Thumb Code    52  stm32f4xx_hal_cortex.o(i.HAL_SYSTICK_Config)
    HAL_SYSTICK_IRQHandler                   0x0800583d   Thumb Code     8  stm32f4xx_hal_cortex.o(i.HAL_SYSTICK_IRQHandler)
    HAL_TIMEx_BreakCallback                  0x08005845   Thumb Code     2  stm32f4xx_hal_tim_ex.o(i.HAL_TIMEx_BreakCallback)
    HAL_TIMEx_CommutationCallback            0x08005847   Thumb Code     2  stm32f4xx_hal_tim_ex.o(i.HAL_TIMEx_CommutationCallback)
    HAL_TIMEx_MasterConfigSynchronization    0x08005849   Thumb Code    98  stm32f4xx_hal_tim_ex.o(i.HAL_TIMEx_MasterConfigSynchronization)
    HAL_TIM_Base_Init                        0x080058ab   Thumb Code    52  stm32f4xx_hal_tim.o(i.HAL_TIM_Base_Init)
    HAL_TIM_Base_MspInit                     0x080058e1   Thumb Code   342  tim.o(i.HAL_TIM_Base_MspInit)
    HAL_TIM_Base_Start_IT                    0x08005a5d   Thumb Code    30  stm32f4xx_hal_tim.o(i.HAL_TIM_Base_Start_IT)
    HAL_TIM_ConfigClockSource                0x08005a7b   Thumb Code   306  stm32f4xx_hal_tim.o(i.HAL_TIM_ConfigClockSource)
    HAL_TIM_IC_CaptureCallback               0x08005bad   Thumb Code     2  stm32f4xx_hal_tim.o(i.HAL_TIM_IC_CaptureCallback)
    HAL_TIM_IRQHandler                       0x08005baf   Thumb Code   406  stm32f4xx_hal_tim.o(i.HAL_TIM_IRQHandler)
    HAL_TIM_MspPostInit                      0x08005d45   Thumb Code   180  tim.o(i.HAL_TIM_MspPostInit)
    HAL_TIM_OC_ConfigChannel                 0x08005e11   Thumb Code   116  stm32f4xx_hal_tim.o(i.HAL_TIM_OC_ConfigChannel)
    HAL_TIM_OC_DelayElapsedCallback          0x08005e85   Thumb Code     2  stm32f4xx_hal_tim.o(i.HAL_TIM_OC_DelayElapsedCallback)
    HAL_TIM_OC_Start                         0x08005e89   Thumb Code    68  stm32f4xx_hal_tim.o(i.HAL_TIM_OC_Start)
    HAL_TIM_PWM_ConfigChannel                0x08005ed5   Thumb Code   264  stm32f4xx_hal_tim.o(i.HAL_TIM_PWM_ConfigChannel)
    HAL_TIM_PWM_PulseFinishedCallback        0x08005fdd   Thumb Code     2  stm32f4xx_hal_tim.o(i.HAL_TIM_PWM_PulseFinishedCallback)
    HAL_TIM_PeriodElapsedCallback            0x08005fe1   Thumb Code   466  tim_callback.o(i.HAL_TIM_PeriodElapsedCallback)
    HAL_TIM_TriggerCallback                  0x08006205   Thumb Code     2  stm32f4xx_hal_tim.o(i.HAL_TIM_TriggerCallback)
    HAL_UART_ErrorCallback                   0x08006207   Thumb Code     2  stm32f4xx_hal_uart.o(i.HAL_UART_ErrorCallback)
    HAL_UART_IRQHandler                      0x08006209   Thumb Code   326  stm32f4xx_hal_uart.o(i.HAL_UART_IRQHandler)
    HAL_UART_MspInit                         0x08006355   Thumb Code   450  usart.o(i.HAL_UART_MspInit)
    HAL_UART_Receive_DMA                     0x08006545   Thumb Code   154  stm32f4xx_hal_uart.o(i.HAL_UART_Receive_DMA)
    HAL_UART_RxCpltCallback                  0x080065ed   Thumb Code    64  usart_callback.o(i.HAL_UART_RxCpltCallback)
    HAL_UART_RxHalfCpltCallback              0x0800664d   Thumb Code     2  stm32f4xx_hal_uart.o(i.HAL_UART_RxHalfCpltCallback)
    HAL_UART_Transmit                        0x0800664f   Thumb Code   214  stm32f4xx_hal_uart.o(i.HAL_UART_Transmit)
    HAL_UART_TxCpltCallback                  0x08006725   Thumb Code     2  stm32f4xx_hal_uart.o(i.HAL_UART_TxCpltCallback)
    HardFault_Handler                        0x08006727   Thumb Code    20  stm32f4xx_it.o(i.HardFault_Handler)
    IMU_Get_Data                             0x0800673d   Thumb Code   872  m_imu.o(i.IMU_Get_Data)
    InitRoboData                             0x08006ad1   Thumb Code   246  robodata.o(i.InitRoboData)
    MPU6500_Init                             0x08006bf5   Thumb Code   184  m_imu.o(i.MPU6500_Init)
    MPU6500_Read_Reg                         0x08006cd9   Thumb Code    68  m_imu.o(i.MPU6500_Read_Reg)
    MPU6500_Read_Regs                        0x08006d2d   Thumb Code    80  m_imu.o(i.MPU6500_Read_Regs)
    MPU6500_Write_Reg                        0x08006d91   Thumb Code    72  m_imu.o(i.MPU6500_Write_Reg)
    MX_CAN1_Init                             0x08006de9   Thumb Code    60  can.o(i.MX_CAN1_Init)
    MX_CAN2_Init                             0x08006e2d   Thumb Code    60  can.o(i.MX_CAN2_Init)
    MX_GPIO_Init                             0x08006e71   Thumb Code   790  gpio.o(i.MX_GPIO_Init)
    MX_SPI5_Init                             0x080071b1   Thumb Code    60  spi.o(i.MX_SPI5_Init)
    MX_USART1_UART_Init                      0x080071f5   Thumb Code    52  usart.o(i.MX_USART1_UART_Init)
    MX_USART3_UART_Init                      0x08007235   Thumb Code    50  usart.o(i.MX_USART3_UART_Init)
    MX_USART7_UART_Init                      0x08007271   Thumb Code    50  usart.o(i.MX_USART7_UART_Init)
    MYDMA_Config                             0x080072ad   Thumb Code   478  dma.o(i.MYDMA_Config)
    ManualGetAmmo                            0x080074cd   Thumb Code   224  ammo.o(i.ManualGetAmmo)
    ManualRaise                              0x080075d1   Thumb Code   598  ammo.o(i.ManualRaise)
    MemManage_Handler                        0x0800785d   Thumb Code     4  stm32f4xx_it.o(i.MemManage_Handler)
    MonitorParaInit                          0x08007861   Thumb Code    54  t_monitor.o(i.MonitorParaInit)
    MotoParaInit                             0x080078b9   Thumb Code    50  m_moto.o(i.MotoParaInit)
    NMI_Handler                              0x080078f5   Thumb Code     2  stm32f4xx_it.o(i.NMI_Handler)
    OTG_FS_IRQHandler                        0x08007931   Thumb Code    10  stm32f4xx_it.o(i.OTG_FS_IRQHandler)
    PendSV_Handler                           0x080079e3   Thumb Code     2  stm32f4xx_it.o(i.PendSV_Handler)
    PhotoelectricTubeDetect                  0x080079e5   Thumb Code    50  chassis.o(i.PhotoelectricTubeDetect)
    PidCalc                                  0x08007a21   Thumb Code   908  pid.o(i.PidCalc)
    PidParaInit                              0x08007db1   Thumb Code    32  pid.o(i.PidParaInit)
    PidSet_all                               0x08007de5   Thumb Code   216  pid.o(i.PidSet_all)
    PidSet_errband                           0x08007ebd   Thumb Code    98  pid.o(i.PidSet_errband)
    PidSet_limit                             0x08007f1f   Thumb Code   102  pid.o(i.PidSet_limit)
    PidSet_pidf                              0x08007f85   Thumb Code    18  pid.o(i.PidSet_pidf)
    PulseSignal                              0x08007f99   Thumb Code   116  chassis.o(i.PulseSignal)
    RCDataParaInit                           0x08008021   Thumb Code    54  m_remote.o(i.RCDataParaInit)
    RCReadKey                                0x08008057   Thumb Code   184  m_remote.o(i.RCReadKey)
    RemoteDataProcess                        0x0800810f   Thumb Code   478  m_remote.o(i.RemoteDataProcess)
    RiseHeightSet                            0x080082ed   Thumb Code  1602  ammo.o(i.RiseHeightSet)
    SVC_Handler                              0x08008a23   Thumb Code     2  stm32f4xx_it.o(i.SVC_Handler)
    SemiautoAmmoCapture                      0x08008a25   Thumb Code   112  chassis.o(i.SemiautoAmmoCapture)
    SetMotoCurrent                           0x08008ab9   Thumb Code    94  m_moto.o(i.SetMotoCurrent)
    SetRoboControlMode                       0x08008b17   Thumb Code    92  robodata.o(i.SetRoboControlMode)
    SysTick_Handler                          0x08008b73   Thumb Code    12  stm32f4xx_it.o(i.SysTick_Handler)
    SystemClock_Config                       0x08008b81   Thumb Code   188  main.o(i.SystemClock_Config)
    SystemInit                               0x08008c45   Thumb Code    82  system_stm32f4xx.o(i.SystemInit)
    TIM2_IRQHandler                          0x08008ca9   Thumb Code    10  tim.o(i.TIM2_IRQHandler)
    TIM2_Init                                0x08008cb9   Thumb Code    34  tim.o(i.TIM2_Init)
    TIM3_IRQHandler                          0x08008ce1   Thumb Code    10  tim.o(i.TIM3_IRQHandler)
    TIM3_Init                                0x08008cf1   Thumb Code    78  tim.o(i.TIM3_Init)
    TIM4_IRQHandler                          0x08008d49   Thumb Code    10  tim.o(i.TIM4_IRQHandler)
    TIM4_Init                                0x08008d59   Thumb Code    32  tim.o(i.TIM4_Init)
    TIM5_IRQHandler                          0x08008d81   Thumb Code    10  tim.o(i.TIM5_IRQHandler)
    TIM5_Init                                0x08008d91   Thumb Code    32  tim.o(i.TIM5_Init)
    TIM_Base_SetConfig                       0x08008db9   Thumb Code   184  stm32f4xx_hal_tim.o(i.TIM_Base_SetConfig)
    TIM_CCxChannelCmd                        0x08008e9d   Thumb Code    28  stm32f4xx_hal_tim.o(i.TIM_CCxChannelCmd)
    TIM_OC2_SetConfig                        0x08008f55   Thumb Code   112  stm32f4xx_hal_tim.o(i.TIM_OC2_SetConfig)
    USART1_IRQHandler                        0x080096dd   Thumb Code    16  usart.o(i.USART1_IRQHandler)
    USBD_ClrClassConfig                      0x080096f1   Thumb Code    22  usbd_core.o(i.USBD_ClrClassConfig)
    USBD_CtlContinueRx                       0x0800974b   Thumb Code    24  usbd_ioreq.o(i.USBD_CtlContinueRx)
    USBD_CtlContinueSendData                 0x08009763   Thumb Code    24  usbd_ioreq.o(i.USBD_CtlContinueSendData)
    USBD_CtlError                            0x0800977b   Thumb Code    24  usbd_ctlreq.o(i.USBD_CtlError)
    USBD_CtlReceiveStatus                    0x08009793   Thumb Code    26  usbd_ioreq.o(i.USBD_CtlReceiveStatus)
    USBD_CtlSendData                         0x080097ad   Thumb Code    34  usbd_ioreq.o(i.USBD_CtlSendData)
    USBD_CtlSendStatus                       0x080097cf   Thumb Code    26  usbd_ioreq.o(i.USBD_CtlSendStatus)
    USBD_LL_ClearStallEP                     0x080099c5   Thumb Code    20  usbd_conf.o(i.USBD_LL_ClearStallEP)
    USBD_LL_DataInStage                      0x080099d9   Thumb Code   218  usbd_core.o(i.USBD_LL_DataInStage)
    USBD_LL_DataOutStage                     0x08009ab3   Thumb Code   134  usbd_core.o(i.USBD_LL_DataOutStage)
    USBD_LL_DevConnected                     0x08009b39   Thumb Code     6  usbd_core.o(i.USBD_LL_DevConnected)
    USBD_LL_DevDisconnected                  0x08009b3f   Thumb Code    26  usbd_core.o(i.USBD_LL_DevDisconnected)
    USBD_LL_IsStallEP                        0x08009b59   Thumb Code    56  usbd_conf.o(i.USBD_LL_IsStallEP)
    USBD_LL_IsoINIncomplete                  0x08009b91   Thumb Code     6  usbd_core.o(i.USBD_LL_IsoINIncomplete)
    USBD_LL_IsoOUTIncomplete                 0x08009b97   Thumb Code     6  usbd_core.o(i.USBD_LL_IsoOUTIncomplete)
    USBD_LL_OpenEP                           0x08009b9d   Thumb Code    32  usbd_conf.o(i.USBD_LL_OpenEP)
    USBD_LL_PrepareReceive                   0x08009bbd   Thumb Code    32  usbd_conf.o(i.USBD_LL_PrepareReceive)
    USBD_LL_Reset                            0x08009bdd   Thumb Code    68  usbd_core.o(i.USBD_LL_Reset)
    USBD_LL_Resume                           0x08009c21   Thumb Code    14  usbd_core.o(i.USBD_LL_Resume)
    USBD_LL_SOF                              0x08009c2f   Thumb Code    34  usbd_core.o(i.USBD_LL_SOF)
    USBD_LL_SetSpeed                         0x08009c51   Thumb Code     8  usbd_core.o(i.USBD_LL_SetSpeed)
    USBD_LL_SetUSBAddress                    0x08009c59   Thumb Code    20  usbd_conf.o(i.USBD_LL_SetUSBAddress)
    USBD_LL_SetupStage                       0x08009c6d   Thumb Code   110  usbd_core.o(i.USBD_LL_SetupStage)
    USBD_LL_StallEP                          0x08009cdb   Thumb Code    20  usbd_conf.o(i.USBD_LL_StallEP)
    USBD_LL_Suspend                          0x08009cef   Thumb Code    20  usbd_core.o(i.USBD_LL_Suspend)
    USBD_LL_Transmit                         0x08009d03   Thumb Code    32  usbd_conf.o(i.USBD_LL_Transmit)
    USBD_ParseSetupRequest                   0x08009d23   Thumb Code    40  usbd_ctlreq.o(i.USBD_ParseSetupRequest)
    USBD_RunTestMode                         0x08009d4b   Thumb Code     6  usbd_core.o(i.USBD_RunTestMode)
    USBD_SetClassConfig                      0x08009da5   Thumb Code    34  usbd_core.o(i.USBD_SetClassConfig)
    USBD_StdDevReq                           0x08009ecd   Thumb Code   114  usbd_ctlreq.o(i.USBD_StdDevReq)
    USBD_StdEPReq                            0x08009f3f   Thumb Code   342  usbd_ctlreq.o(i.USBD_StdEPReq)
    USBD_StdItfReq                           0x0800a095   Thumb Code    74  usbd_ctlreq.o(i.USBD_StdItfReq)
    USB_ActivateEndpoint                     0x0800a0e1   Thumb Code   192  stm32f4xx_ll_usb.o(i.USB_ActivateEndpoint)
    USB_ActivateSetup                        0x0800a1a5   Thumb Code    68  stm32f4xx_ll_usb.o(i.USB_ActivateSetup)
    USB_EP0StartXfer                         0x0800a1e9   Thumb Code   426  stm32f4xx_ll_usb.o(i.USB_EP0StartXfer)
    USB_EP0_OutStart                         0x0800a399   Thumb Code    68  stm32f4xx_ll_usb.o(i.USB_EP0_OutStart)
    USB_EPClearStall                         0x0800a3dd   Thumb Code   136  stm32f4xx_ll_usb.o(i.USB_EPClearStall)
    USB_EPSetStall                           0x0800a465   Thumb Code   140  stm32f4xx_ll_usb.o(i.USB_EPSetStall)
    USB_EPStartXfer                          0x0800a4f1   Thumb Code   714  stm32f4xx_ll_usb.o(i.USB_EPStartXfer)
    USB_FlushTxFifo                          0x0800a7c1   Thumb Code    44  stm32f4xx_ll_usb.o(i.USB_FlushTxFifo)
    USB_GetDevSpeed                          0x0800a7f1   Thumb Code    68  stm32f4xx_ll_usb.o(i.USB_GetDevSpeed)
    USB_GetMode                              0x0800a835   Thumb Code    10  stm32f4xx_ll_usb.o(i.USB_GetMode)
    USB_ReadDevAllInEpInterrupt              0x0800a83f   Thumb Code    18  stm32f4xx_ll_usb.o(i.USB_ReadDevAllInEpInterrupt)
    USB_ReadDevAllOutEpInterrupt             0x0800a851   Thumb Code    18  stm32f4xx_ll_usb.o(i.USB_ReadDevAllOutEpInterrupt)
    USB_ReadDevInEPInterrupt                 0x0800a863   Thumb Code    44  stm32f4xx_ll_usb.o(i.USB_ReadDevInEPInterrupt)
    USB_ReadDevOutEPInterrupt                0x0800a88f   Thumb Code    22  stm32f4xx_ll_usb.o(i.USB_ReadDevOutEPInterrupt)
    USB_ReadInterrupts                       0x0800a8a5   Thumb Code    12  stm32f4xx_ll_usb.o(i.USB_ReadInterrupts)
    USB_ReadPacket                           0x0800a8b1   Thumb Code    34  stm32f4xx_ll_usb.o(i.USB_ReadPacket)
    USB_SetDevAddress                        0x0800a8d3   Thumb Code    36  stm32f4xx_ll_usb.o(i.USB_SetDevAddress)
    USB_WritePacket                          0x0800a8f7   Thumb Code    48  stm32f4xx_ll_usb.o(i.USB_WritePacket)
    UsageFault_Handler                       0x0800a927   Thumb Code     4  stm32f4xx_it.o(i.UsageFault_Handler)
    Verify_CRC16_Check_Sum                   0x0800a92d   Thumb Code    60  dji_protocol.o(i.Verify_CRC16_Check_Sum)
    Verify_CRC8_Check_Sum                    0x0800a96d   Thumb Code    46  dji_protocol.o(i.Verify_CRC8_Check_Sum)
    VersionChangeSlowly                      0x0800a99d   Thumb Code   320  chassis.o(i.VersionChangeSlowly)
    __ARM_fpclassify                         0x0800aafd   Thumb Code    48  fpclassify.o(i.__ARM_fpclassify)
    __hardfp_asin                            0x0800ab31   Thumb Code   770  asin.o(i.__hardfp_asin)
    __hardfp_cos                             0x0800ae91   Thumb Code   180  cos.o(i.__hardfp_cos)
    __hardfp_fabs                            0x0800af59   Thumb Code    20  fabs.o(i.__hardfp_fabs)
    __hardfp_sin                             0x0800af71   Thumb Code   180  sin.o(i.__hardfp_sin)
    __hardfp_sqrt                            0x0800b039   Thumb Code   122  sqrt.o(i.__hardfp_sqrt)
    __ieee754_rem_pio2                       0x0800b0b9   Thumb Code   938  rred.o(i.__ieee754_rem_pio2)
    __kernel_cos                             0x0800b4f1   Thumb Code   322  cos_i.o(i.__kernel_cos)
    __kernel_poly                            0x0800b661   Thumb Code   248  poly.o(i.__kernel_poly)
    __kernel_sin                             0x0800b759   Thumb Code   280  sin_i.o(i.__kernel_sin)
    __mathlib_dbl_infnan                     0x0800b889   Thumb Code    20  dunder.o(i.__mathlib_dbl_infnan)
    __mathlib_dbl_invalid                    0x0800b8a1   Thumb Code    24  dunder.o(i.__mathlib_dbl_invalid)
    __mathlib_dbl_underflow                  0x0800b8c1   Thumb Code    24  dunder.o(i.__mathlib_dbl_underflow)
    __scatterload_copy                       0x0800b8e1   Thumb Code    14  handlers.o(i.__scatterload_copy)
    __scatterload_null                       0x0800b8ef   Thumb Code     2  handlers.o(i.__scatterload_null)
    __scatterload_zeroinit                   0x0800b8f1   Thumb Code    14  handlers.o(i.__scatterload_zeroinit)
    __set_errno                              0x0800b901   Thumb Code     6  errno.o(i.__set_errno)
    all_bsp_init                             0x0800b90d   Thumb Code   254  main.o(i.all_bsp_init)
    all_pid_init                             0x0800ba55   Thumb Code   778  main.o(i.all_pid_init)
    all_sensor_init                          0x0800bdb1   Thumb Code    14  main.o(i.all_sensor_init)
    dji_DataProcess                          0x0800bdc5   Thumb Code   364  dji_protocol.o(i.dji_DataProcess)
    fabs                                     0x0800bf35   Thumb Code    24  fabs.o(i.fabs)
    launch_one                               0x0800bf4d   Thumb Code    86  ammo.o(i.launch_one)
    main                                     0x0800bfb1   Thumb Code   118  main.o(i.main)
    monitor_can_process                      0x0800c041   Thumb Code    54  t_monitor.o(i.monitor_can_process)
    monitor_chassis_moto_process             0x0800c081   Thumb Code    90  t_monitor.o(i.monitor_chassis_moto_process)
    monitor_raising_moto_process             0x0800c0e5   Thumb Code    90  t_monitor.o(i.monitor_raising_moto_process)
    monitor_remote_process                   0x0800c149   Thumb Code    34  t_monitor.o(i.monitor_remote_process)
    sqrt                                     0x0800c171   Thumb Code   110  sqrt.o(i.sqrt)
    uart_receive_handler                     0x0800c1df   Thumb Code    96  idle_interrupt.o(i.uart_receive_handler)
    uart_rx_idle_callback                    0x0800c23f   Thumb Code     2  idle_interrupt.o(i.uart_rx_idle_callback)
    APBAHBPrescTable                         0x0800c240   Data          16  stm32f4xx_hal_rcc.o(.constdata)
    CRC8_INIT                                0x0800c288   Data           1  dji_protocol.o(.constdata)
    CRC8_TAB                                 0x0800c289   Data         256  dji_protocol.o(.constdata)
    wCRC_Table                               0x0800c38a   Data         512  dji_protocol.o(.constdata)
    Region$$Table$$Base                      0x0800c700   Number         0  anon$$obj.o(Region$$Table)
    Region$$Table$$Limit                     0x0800c720   Number         0  anon$$obj.o(Region$$Table)
    uwTick                                   0x20000000   Data           4  stm32f4xx_hal.o(.data)
    SystemCoreClock                          0x20000008   Data           4  system_stm32f4xx.o(.data)
    time_piece                               0x2000000c   Data           4  tim_callback.o(.data)
    tsafd                                    0x20000010   Data           1  tim_callback.o(.data)
    hcan2_switch                             0x20000011   Data           1  tim_callback.o(.data)
    tim_init_cnt                             0x20000012   Data           1  tim_callback.o(.data)
    cnt_tim5                                 0x20000014   Data           4  tim_callback.o(.data)
    cnt_tim3                                 0x20000018   Data           4  tim_callback.o(.data)
    RoboData                                 0x20000020   Data          36  robodata.o(.data)
    KeyCtrl                                  0x20000044   Data           4  robodata.o(.data)
    test                                     0x20000048   Data           4  robodata.o(.data)
    Mode_Switch                              0x2000004c   Data           1  robodata.o(.data)
    ammo_stop_flag                           0x20000050   Data           1  chassis.o(.data)
    w_key_status                             0x20000051   Data           1  chassis.o(.data)
    w_key_status_last                        0x20000052   Data           1  chassis.o(.data)
    set_compare                              0x20000054   Data           4  chassis.o(.data)
    cylinder_number                          0x20000098   Data           6  cylinder.o(.data)
    test_cap                                 0x200000a4   Data           4  ammo.o(.data)
    test_top                                 0x200000a8   Data           4  ammo.o(.data)
    f_test                                   0x200000ac   Data           4  ammo.o(.data)
    throw_up                                 0x200000b0   Data           4  ammo.o(.data)
    in_up                                    0x200000b4   Data           4  ammo.o(.data)
    angle_test                               0x200000b8   Data           4  ammo.o(.data)
    hcan2_enable                             0x200000f6   Data           1  can_callback.o(.data)
    can_init_cnt                             0x200000f7   Data           1  can_callback.o(.data)
    can_init_sta                             0x200000f8   Data           1  can_callback.o(.data)
    Down_Limit_Flag                          0x200000f9   Data           1  gpio_callback.o(.data)
    count_enable                             0x200000fa   Data           1  gpio_callback.o(.data)
    MPU_id                                   0x200000fc   Data           1  m_imu.o(.data)
    still_counter                            0x200000fe   Data           2  m_imu.o(.data)
    variance_sum                             0x20000100   Data           4  m_imu.o(.data)
    CRC16_INIT                               0x2000011c   Data           2  dji_protocol.o(.data)
    shoottime                                0x20000120   Data           4  dji_protocol.o(.data)
    Chassis                                  0x2000012c   Data         236  chassis.o(.bss)
    Ammo                                     0x20000218   Data          56  ammo.o(.bss)
    monitor_remote                           0x20000250   Data          20  t_monitor.o(.bss)
    monitor_chassis_moto                     0x20000264   Data          20  t_monitor.o(.bss)
    monitor_raising_moto                     0x20000278   Data          20  t_monitor.o(.bss)
    monitor_hcan                             0x2000028c   Data          20  t_monitor.o(.bss)
    RC_CtrlData                              0x200002a0   Data          56  m_remote.o(.bss)
    imu_data                                 0x200002d8   Data         216  m_imu.o(.bss)
    imu_data_offest                          0x200003b0   Data         216  m_imu.o(.bss)
    pitch_history                            0x20000488   Data         120  m_imu.o(.bss)
    yaw_history                              0x20000500   Data         120  m_imu.o(.bss)
    roll_history                             0x20000578   Data         120  m_imu.o(.bss)
    average                                  0x200005f0   Data          12  m_imu.o(.bss)
    Chassis_MOTO                             0x200005fc   Data        2304  m_moto.o(.bss)
    Raising_MOTO                             0x20000efc   Data         768  m_moto.o(.bss)
    Capturing_MOTO                           0x200011fc   Data         768  m_moto.o(.bss)
    DJI_ReadData                             0x200014fc   Data          98  dji_protocol.o(.bss)
    customdata                               0x20001560   Data          20  dji_protocol.o(.bss)
    Frame                                    0x20001574   Data          25  dji_protocol.o(.bss)
    FrameAllMessage                          0x2000158d   Data          28  dji_protocol.o(.bss)
    hcan1                                    0x200015ac   Data          64  can.o(.bss)
    hcan2                                    0x200015ec   Data          64  can.o(.bss)
    hspi5                                    0x2000172c   Data          88  spi.o(.bss)
    htim2                                    0x20001784   Data          60  tim.o(.bss)
    htim3                                    0x200017c0   Data          60  tim.o(.bss)
    htim4                                    0x200017fc   Data          60  tim.o(.bss)
    htim5                                    0x20001838   Data          60  tim.o(.bss)
    htim8                                    0x20001874   Data          60  tim.o(.bss)
    huart1                                   0x200018b0   Data          64  usart.o(.bss)
    huart2                                   0x200018f0   Data          64  usart.o(.bss)
    huart3                                   0x20001930   Data          64  usart.o(.bss)
    huart6                                   0x20001970   Data          64  usart.o(.bss)
    huart7                                   0x200019b0   Data          64  usart.o(.bss)
    huart8                                   0x200019f0   Data          64  usart.o(.bss)
    uart1_rx_buff                            0x20001a30   Data          36  usart.o(.bss)
    uart3_rx_buff                            0x20001a54   Data          18  usart.o(.bss)
    uart6_rx_buff                            0x20001a66   Data          44  usart.o(.bss)
    uart7_rx_buff                            0x20001a92   Data          62  usart.o(.bss)
    uart6_tx_buff                            0x20001ad0   Data          24  usart.o(.bss)
    hdma_usart1_rx                           0x20001ae8   Data          96  dma.o(.bss)
    hdma_usart2_rx                           0x20001b48   Data          96  dma.o(.bss)
    hdma_usart3_rx                           0x20001ba8   Data          96  dma.o(.bss)
    hdma_usart3_tx                           0x20001c08   Data          96  dma.o(.bss)
    hdma_usart6_rx                           0x20001c68   Data          96  dma.o(.bss)
    hdma_usart6_tx                           0x20001cc8   Data          96  dma.o(.bss)
    hdma_usart7_rx                           0x20001d28   Data          96  dma.o(.bss)
    hdma_usart8_rx                           0x20001d88   Data          96  dma.o(.bss)
    hpcd_USB_OTG_FS                          0x20001de8   Data         952  usbd_conf.o(.bss)
    __initial_sp                             0x200025a0   Data           0  startup_stm32f427xx.o(STACK)



==============================================================================

Memory Map of the image

  Image Entry point : 0x080001ad

  Load Region LR_IROM1 (Base: 0x08000000, Size: 0x0000c84c, Max: 0x00200000, ABSOLUTE, COMPRESSED[0x0000c750])

    Execution Region ER_IROM1 (Exec base: 0x08000000, Load base: 0x08000000, Size: 0x0000c720, Max: 0x00200000, ABSOLUTE)

    Exec Addr    Load Addr    Size         Type   Attr      Idx    E Section Name        Object

    0x08000000   0x08000000   0x000001ac   Data   RO            3    RESET               startup_stm32f427xx.o
    0x080001ac   0x080001ac   0x00000000   Code   RO         6302  * .ARM.Collect$$$$00000000  mc_w.l(entry.o)
    0x080001ac   0x080001ac   0x00000004   Code   RO         6389    .ARM.Collect$$$$00000001  mc_w.l(entry2.o)
    0x080001b0   0x080001b0   0x00000004   Code   RO         6392    .ARM.Collect$$$$00000004  mc_w.l(entry5.o)
    0x080001b4   0x080001b4   0x00000000   Code   RO         6394    .ARM.Collect$$$$00000008  mc_w.l(entry7b.o)
    0x080001b4   0x080001b4   0x00000000   Code   RO         6396    .ARM.Collect$$$$0000000A  mc_w.l(entry8b.o)
    0x080001b4   0x080001b4   0x00000008   Code   RO         6397    .ARM.Collect$$$$0000000B  mc_w.l(entry9a.o)
    0x080001bc   0x080001bc   0x00000000   Code   RO         6399    .ARM.Collect$$$$0000000D  mc_w.l(entry10a.o)
    0x080001bc   0x080001bc   0x00000000   Code   RO         6401    .ARM.Collect$$$$0000000F  mc_w.l(entry11a.o)
    0x080001bc   0x080001bc   0x00000004   Code   RO         6390    .ARM.Collect$$$$00002712  mc_w.l(entry2.o)
    0x080001c0   0x080001c0   0x00000024   Code   RO            4    .text               startup_stm32f427xx.o
    0x080001e4   0x080001e4   0x00000024   Code   RO         6305    .text               mc_w.l(memcpya.o)
    0x08000208   0x08000208   0x00000024   Code   RO         6307    .text               mc_w.l(memseta.o)
    0x0800022c   0x0800022c   0x0000014e   Code   RO         6339    .text               mf_w.l(dadd.o)
    0x0800037a   0x0800037a   0x000000e4   Code   RO         6341    .text               mf_w.l(dmul.o)
    0x0800045e   0x0800045e   0x000000de   Code   RO         6343    .text               mf_w.l(ddiv.o)
    0x0800053c   0x0800053c   0x0000001a   Code   RO         6347    .text               mf_w.l(dfltui.o)
    0x08000556   0x08000556   0x00000026   Code   RO         6349    .text               mf_w.l(f2d.o)
    0x0800057c   0x0800057c   0x00000030   Code   RO         6351    .text               mf_w.l(cdcmple.o)
    0x080005ac   0x080005ac   0x00000030   Code   RO         6353    .text               mf_w.l(cdrcmple.o)
    0x080005dc   0x080005dc   0x00000038   Code   RO         6355    .text               mf_w.l(d2f.o)
    0x08000614   0x08000614   0x0000001e   Code   RO         6403    .text               mc_w.l(llshl.o)
    0x08000632   0x08000632   0x00000024   Code   RO         6405    .text               mc_w.l(llsshr.o)
    0x08000656   0x08000656   0x00000000   Code   RO         6416    .text               mc_w.l(iusefp.o)
    0x08000656   0x08000656   0x0000006e   Code   RO         6417    .text               mf_w.l(fepilogue.o)
    0x080006c4   0x080006c4   0x000000ba   Code   RO         6419    .text               mf_w.l(depilogue.o)
    0x0800077e   0x0800077e   0x000000a2   Code   RO         6421    .text               mf_w.l(dsqrt.o)
    0x08000820   0x08000820   0x00000024   Code   RO         6423    .text               mc_w.l(init.o)
    0x08000844   0x08000844   0x00000020   Code   RO         6425    .text               mc_w.l(llushr.o)
    0x08000864   0x08000864   0x00000022   Code   RO         6427    .text               mf_w.l(dflti.o)
    0x08000886   0x08000886   0x0000003e   Code   RO         6429    .text               mf_w.l(dfixi.o)
    0x080008c4   0x080008c4   0x00000056   Code   RO         6439    .text               mc_w.l(__dczerorl2.o)
    0x0800091a   0x0800091a   0x0000002e   Code   RO         4912    i.ABSLimit          pid.o
    0x08000948   0x08000948   0x00000068   Code   RO         4546    i.AmmoFun           ammo.o
    0x080009b0   0x080009b0   0x00000084   Code   RO         4547    i.AmmoInit          ammo.o
    0x08000a34   0x08000a34   0x000001ec   Code   RO         4548    i.AutoAmmo3         ammo.o
    0x08000c20   0x08000c20   0x00000138   Code   RO         4549    i.AutoGetAmmo       ammo.o
    0x08000d58   0x08000d58   0x00000200   Code   RO         5023    i.AutoOffset        m_imu.o
    0x08000f58   0x08000f58   0x00000004   Code   RO         4710    i.BusFault_Handler  stm32f4xx_it.o
    0x08000f5c   0x08000f5c   0x00000010   Code   RO         4711    i.CAN1_RX0_IRQHandler  stm32f4xx_it.o
    0x08000f6c   0x08000f6c   0x00000010   Code   RO         4712    i.CAN1_TX_IRQHandler  stm32f4xx_it.o
    0x08000f7c   0x08000f7c   0x00000010   Code   RO         4713    i.CAN2_RX0_IRQHandler  stm32f4xx_it.o
    0x08000f8c   0x08000f8c   0x00000010   Code   RO         4714    i.CAN2_TX_IRQHandler  stm32f4xx_it.o
    0x08000f9c   0x08000f9c   0x00000068   Code   RO         5412    i.CAN_Filter_Init_Recv_All  can.o
    0x08001004   0x08001004   0x000001ac   Code   RO          699    i.CAN_Receive_IT    stm32f4xx_hal_can.o
    0x080011b0   0x080011b0   0x00000074   Code   RO          700    i.CAN_Transmit_IT   stm32f4xx_hal_can.o
    0x08001224   0x08001224   0x00000378   Code   RO         4550    i.CaptureMotoCtrl   ammo.o
    0x0800159c   0x0800159c   0x000001dc   Code   RO         4398    i.ChassisAllSet     chassis.o
    0x08001778   0x08001778   0x000000c4   Code   RO         4399    i.ChassisChangeVersion  chassis.o
    0x0800183c   0x0800183c   0x000000a8   Code   RO         4400    i.ChassisFollow     chassis.o
    0x080018e4   0x080018e4   0x0000006c   Code   RO         4401    i.ChassisFun        chassis.o
    0x08001950   0x08001950   0x00000074   Code   RO         4402    i.ChassisMotion     chassis.o
    0x080019c4   0x080019c4   0x00000470   Code   RO         4403    i.ChassisSetAngle   chassis.o
    0x08001e34   0x08001e34   0x0000045c   Code   RO         4404    i.ChassisSetSpeed   chassis.o
    0x08002290   0x08002290   0x0000009c   Code   RO         4405    i.Chassis_Init      chassis.o
    0x0800232c   0x0800232c   0x00000030   Code   RO         4406    i.ClearTotalRound   chassis.o
    0x0800235c   0x0800235c   0x000000b8   Code   RO         5276    i.CustomSend        dji_protocol.o
    0x08002414   0x08002414   0x000000f4   Code   RO         5277    i.CustomTransmit    dji_protocol.o
    0x08002508   0x08002508   0x0000011c   Code   RO         4506    i.CylinderEnable    cylinder.o
    0x08002624   0x08002624   0x00000198   Code   RO         4507    i.CylinderSetControl  cylinder.o
    0x080027bc   0x080027bc   0x00000010   Code   RO         5778    i.DMA1_Stream1_IRQHandler  dma.o
    0x080027cc   0x080027cc   0x00000010   Code   RO         5779    i.DMA1_Stream3_IRQHandler  dma.o
    0x080027dc   0x080027dc   0x00000010   Code   RO         5780    i.DMA1_Stream5_IRQHandler  dma.o
    0x080027ec   0x080027ec   0x00000010   Code   RO         5781    i.DMA1_Stream6_IRQHandler  dma.o
    0x080027fc   0x080027fc   0x00000010   Code   RO         5782    i.DMA2_Stream1_IRQHandler  dma.o
    0x0800280c   0x0800280c   0x00000010   Code   RO         5783    i.DMA2_Stream2_IRQHandler  dma.o
    0x0800281c   0x0800281c   0x00000034   Code   RO         1108    i.DMA_CalcBaseAndBitshift  stm32f4xx_hal_dma.o
    0x08002850   0x08002850   0x000000ba   Code   RO         1109    i.DMA_CheckFifoParam  stm32f4xx_hal_dma.o
    0x0800290a   0x0800290a   0x0000002c   Code   RO         1110    i.DMA_SetConfig     stm32f4xx_hal_dma.o
    0x08002936   0x08002936   0x00000002   Code   RO         4715    i.DebugMon_Handler  stm32f4xx_it.o
    0x08002938   0x08002938   0x0000000a   Code   RO         4716    i.EXTI0_IRQHandler  stm32f4xx_it.o
    0x08002942   0x08002942   0x0000000c   Code   RO         4717    i.EXTI15_10_IRQHandler  stm32f4xx_it.o
    0x0800294e   0x0800294e   0x0000000a   Code   RO         4718    i.EXTI2_IRQHandler  stm32f4xx_it.o
    0x08002958   0x08002958   0x00000028   Code   RO         5244    i.EncoderParaInit   moto_encoder.o
    0x08002980   0x08002980   0x00000004   Code   RO         3780    i.Error_Handler     main.o
    0x08002984   0x08002984   0x00000054   Code   RO         4162    i.GenerallyKeySetControl  robodata.o
    0x080029d8   0x080029d8   0x000002b0   Code   RO         4163    i.GenerallySetChassisSpeed  robodata.o
    0x08002c88   0x08002c88   0x00000048   Code   RO         4164    i.GenerallySetRaisingHeight  robodata.o
    0x08002cd0   0x08002cd0   0x00000038   Code   RO         5024    i.GetAverage        m_imu.o
    0x08002d08   0x08002d08   0x00000042   Code   RO         5278    i.GetDataBit        dji_protocol.o
    0x08002d4a   0x08002d4a   0x00000002   PAD
    0x08002d4c   0x08002d4c   0x0000011c   Code   RO         5245    i.GetEncoderMeasure  moto_encoder.o
    0x08002e68   0x08002e68   0x00000040   Code   RO         4165    i.GetRemoteControlData  robodata.o
    0x08002ea8   0x08002ea8   0x00000068   Code   RO         5025    i.GetVariance       m_imu.o
    0x08002f10   0x08002f10   0x00000034   Code   RO         5279    i.Get_CRC16_Check_Sum  dji_protocol.o
    0x08002f44   0x08002f44   0x00000024   Code   RO         5280    i.Get_CRC8_Check_Sum  dji_protocol.o
    0x08002f68   0x08002f68   0x00000120   Code   RO         5026    i.GyroQueue         m_imu.o
    0x08003088   0x08003088   0x0000012c   Code   RO          701    i.HAL_CAN_ConfigFilter  stm32f4xx_hal_can.o
    0x080031b4   0x080031b4   0x00000002   Code   RO          703    i.HAL_CAN_ErrorCallback  stm32f4xx_hal_can.o
    0x080031b6   0x080031b6   0x00000002   PAD
    0x080031b8   0x080031b8   0x000001cc   Code   RO          706    i.HAL_CAN_IRQHandler  stm32f4xx_hal_can.o
    0x08003384   0x08003384   0x000001c0   Code   RO          707    i.HAL_CAN_Init      stm32f4xx_hal_can.o
    0x08003544   0x08003544   0x00000134   Code   RO         5414    i.HAL_CAN_MspInit   can.o
    0x08003678   0x08003678   0x000000ae   Code   RO          711    i.HAL_CAN_Receive_IT  stm32f4xx_hal_can.o
    0x08003726   0x08003726   0x00000002   PAD
    0x08003728   0x08003728   0x000000f4   Code   RO         4834    i.HAL_CAN_RxCpltCallback  can_callback.o
    0x0800381c   0x0800381c   0x00000260   Code   RO          714    i.HAL_CAN_Transmit  stm32f4xx_hal_can.o
    0x08003a7c   0x08003a7c   0x00000002   Code   RO          716    i.HAL_CAN_TxCpltCallback  stm32f4xx_hal_can.o
    0x08003a7e   0x08003a7e   0x00000028   Code   RO         1112    i.HAL_DMA_Abort_IT  stm32f4xx_hal_dma.o
    0x08003aa6   0x08003aa6   0x00000062   Code   RO         1113    i.HAL_DMA_DeInit    stm32f4xx_hal_dma.o
    0x08003b08   0x08003b08   0x00000248   Code   RO         1116    i.HAL_DMA_IRQHandler  stm32f4xx_hal_dma.o
    0x08003d50   0x08003d50   0x000000e8   Code   RO         1117    i.HAL_DMA_Init      stm32f4xx_hal_dma.o
    0x08003e38   0x08003e38   0x0000009e   Code   RO         1121    i.HAL_DMA_Start_IT  stm32f4xx_hal_dma.o
    0x08003ed6   0x08003ed6   0x0000001a   Code   RO         2545    i.HAL_Delay         stm32f4xx_hal.o
    0x08003ef0   0x08003ef0   0x00000060   Code   RO         4885    i.HAL_GPIO_EXTI_Callback  gpio_callback.o
    0x08003f50   0x08003f50   0x0000001c   Code   RO         2079    i.HAL_GPIO_EXTI_IRQHandler  stm32f4xx_hal_gpio.o
    0x08003f6c   0x08003f6c   0x0000021c   Code   RO         2080    i.HAL_GPIO_Init     stm32f4xx_hal_gpio.o
    0x08004188   0x08004188   0x00000010   Code   RO         2082    i.HAL_GPIO_ReadPin  stm32f4xx_hal_gpio.o
    0x08004198   0x08004198   0x0000000c   Code   RO         2084    i.HAL_GPIO_WritePin  stm32f4xx_hal_gpio.o
    0x080041a4   0x080041a4   0x0000000c   Code   RO         2553    i.HAL_GetTick       stm32f4xx_hal.o
    0x080041b0   0x080041b0   0x00000010   Code   RO         2554    i.HAL_IncTick       stm32f4xx_hal.o
    0x080041c0   0x080041c0   0x0000003c   Code   RO         2555    i.HAL_Init          stm32f4xx_hal.o
    0x080041fc   0x080041fc   0x00000028   Code   RO         2556    i.HAL_InitTick      stm32f4xx_hal.o
    0x08004224   0x08004224   0x00000056   Code   RO         5880    i.HAL_MspInit       stm32f4xx_hal_msp.o
    0x0800427a   0x0800427a   0x0000009a   Code   RO          449    i.HAL_MultiProcessor_Init  stm32f4xx_hal_uart.o
    0x08004314   0x08004314   0x0000001a   Code   RO         3136    i.HAL_NVIC_EnableIRQ  stm32f4xx_hal_cortex.o
    0x0800432e   0x0800432e   0x0000007c   Code   RO         3142    i.HAL_NVIC_SetPriority  stm32f4xx_hal_cortex.o
    0x080043aa   0x080043aa   0x00000002   PAD
    0x080043ac   0x080043ac   0x00000028   Code   RO         3143    i.HAL_NVIC_SetPriorityGrouping  stm32f4xx_hal_cortex.o
    0x080043d4   0x080043d4   0x00000044   Code   RO         3144    i.HAL_NVIC_SystemReset  stm32f4xx_hal_cortex.o
    0x08004418   0x08004418   0x0000000e   Code   RO         5993    i.HAL_PCD_ConnectCallback  usbd_conf.o
    0x08004426   0x08004426   0x00000020   Code   RO         5994    i.HAL_PCD_DataInStageCallback  usbd_conf.o
    0x08004446   0x08004446   0x00000020   Code   RO         5995    i.HAL_PCD_DataOutStageCallback  usbd_conf.o
    0x08004466   0x08004466   0x0000000e   Code   RO         5996    i.HAL_PCD_DisconnectCallback  usbd_conf.o
    0x08004474   0x08004474   0x00000068   Code   RO           23    i.HAL_PCD_EP_ClrStall  stm32f4xx_hal_pcd.o
    0x080044dc   0x080044dc   0x0000008c   Code   RO           26    i.HAL_PCD_EP_Open   stm32f4xx_hal_pcd.o
    0x08004568   0x08004568   0x00000078   Code   RO           27    i.HAL_PCD_EP_Receive  stm32f4xx_hal_pcd.o
    0x080045e0   0x080045e0   0x0000007a   Code   RO           28    i.HAL_PCD_EP_SetStall  stm32f4xx_hal_pcd.o
    0x0800465a   0x0800465a   0x0000007a   Code   RO           29    i.HAL_PCD_EP_Transmit  stm32f4xx_hal_pcd.o
    0x080046d4   0x080046d4   0x00000694   Code   RO           31    i.HAL_PCD_IRQHandler  stm32f4xx_hal_pcd.o
    0x08004d68   0x08004d68   0x00000012   Code   RO         5997    i.HAL_PCD_ISOINIncompleteCallback  usbd_conf.o
    0x08004d7a   0x08004d7a   0x00000012   Code   RO         5998    i.HAL_PCD_ISOOUTIncompleteCallback  usbd_conf.o
    0x08004d8c   0x08004d8c   0x00000032   Code   RO         6001    i.HAL_PCD_ResetCallback  usbd_conf.o
    0x08004dbe   0x08004dbe   0x0000000e   Code   RO         6002    i.HAL_PCD_ResumeCallback  usbd_conf.o
    0x08004dcc   0x08004dcc   0x0000000e   Code   RO         6003    i.HAL_PCD_SOFCallback  usbd_conf.o
    0x08004dda   0x08004dda   0x00000032   Code   RO           40    i.HAL_PCD_SetAddress  stm32f4xx_hal_pcd.o
    0x08004e0c   0x08004e0c   0x00000012   Code   RO         6004    i.HAL_PCD_SetupStageCallback  usbd_conf.o
    0x08004e1e   0x08004e1e   0x00000002   PAD
    0x08004e20   0x08004e20   0x00000034   Code   RO         6005    i.HAL_PCD_SuspendCallback  usbd_conf.o
    0x08004e54   0x08004e54   0x000001d0   Code   RO          338    i.HAL_RCC_ClockConfig  stm32f4xx_hal_rcc.o
    0x08005024   0x08005024   0x0000000c   Code   RO          343    i.HAL_RCC_GetHCLKFreq  stm32f4xx_hal_rcc.o
    0x08005030   0x08005030   0x0000002c   Code   RO          345    i.HAL_RCC_GetPCLK1Freq  stm32f4xx_hal_rcc.o
    0x0800505c   0x0800505c   0x0000002c   Code   RO          346    i.HAL_RCC_GetPCLK2Freq  stm32f4xx_hal_rcc.o
    0x08005088   0x08005088   0x000000b4   Code   RO          347    i.HAL_RCC_GetSysClockFreq  stm32f4xx_hal_rcc.o
    0x0800513c   0x0800513c   0x0000039c   Code   RO          350    i.HAL_RCC_OscConfig  stm32f4xx_hal_rcc.o
    0x080054d8   0x080054d8   0x0000008c   Code   RO          837    i.HAL_SPI_Init      stm32f4xx_hal_spi.o
    0x08005564   0x08005564   0x0000005c   Code   RO         5564    i.HAL_SPI_MspInit   spi.o
    0x080055c0   0x080055c0   0x0000021e   Code   RO          846    i.HAL_SPI_TransmitReceive  stm32f4xx_hal_spi.o
    0x080057de   0x080057de   0x00000028   Code   RO         3145    i.HAL_SYSTICK_CLKSourceConfig  stm32f4xx_hal_cortex.o
    0x08005806   0x08005806   0x00000002   Code   RO         3146    i.HAL_SYSTICK_Callback  stm32f4xx_hal_cortex.o
    0x08005808   0x08005808   0x00000034   Code   RO         3147    i.HAL_SYSTICK_Config  stm32f4xx_hal_cortex.o
    0x0800583c   0x0800583c   0x00000008   Code   RO         3148    i.HAL_SYSTICK_IRQHandler  stm32f4xx_hal_cortex.o
    0x08005844   0x08005844   0x00000002   Code   RO         2143    i.HAL_TIMEx_BreakCallback  stm32f4xx_hal_tim_ex.o
    0x08005846   0x08005846   0x00000002   Code   RO         2144    i.HAL_TIMEx_CommutationCallback  stm32f4xx_hal_tim_ex.o
    0x08005848   0x08005848   0x00000062   Code   RO         2160    i.HAL_TIMEx_MasterConfigSynchronization  stm32f4xx_hal_tim_ex.o
    0x080058aa   0x080058aa   0x00000034   Code   RO         1288    i.HAL_TIM_Base_Init  stm32f4xx_hal_tim.o
    0x080058de   0x080058de   0x00000002   PAD
    0x080058e0   0x080058e0   0x0000017c   Code   RO         5606    i.HAL_TIM_Base_MspInit  tim.o
    0x08005a5c   0x08005a5c   0x0000001e   Code   RO         1293    i.HAL_TIM_Base_Start_IT  stm32f4xx_hal_tim.o
    0x08005a7a   0x08005a7a   0x00000132   Code   RO         1297    i.HAL_TIM_ConfigClockSource  stm32f4xx_hal_tim.o
    0x08005bac   0x08005bac   0x00000002   Code   RO         1317    i.HAL_TIM_IC_CaptureCallback  stm32f4xx_hal_tim.o
    0x08005bae   0x08005bae   0x00000196   Code   RO         1330    i.HAL_TIM_IRQHandler  stm32f4xx_hal_tim.o
    0x08005d44   0x08005d44   0x000000cc   Code   RO         5607    i.HAL_TIM_MspPostInit  tim.o
    0x08005e10   0x08005e10   0x00000074   Code   RO         1331    i.HAL_TIM_OC_ConfigChannel  stm32f4xx_hal_tim.o
    0x08005e84   0x08005e84   0x00000002   Code   RO         1333    i.HAL_TIM_OC_DelayElapsedCallback  stm32f4xx_hal_tim.o
    0x08005e86   0x08005e86   0x00000002   PAD
    0x08005e88   0x08005e88   0x0000004c   Code   RO         1338    i.HAL_TIM_OC_Start  stm32f4xx_hal_tim.o
    0x08005ed4   0x08005ed4   0x00000108   Code   RO         1354    i.HAL_TIM_PWM_ConfigChannel  stm32f4xx_hal_tim.o
    0x08005fdc   0x08005fdc   0x00000002   Code   RO         1360    i.HAL_TIM_PWM_PulseFinishedCallback  stm32f4xx_hal_tim.o
    0x08005fde   0x08005fde   0x00000002   PAD
    0x08005fe0   0x08005fe0   0x00000224   Code   RO         3958    i.HAL_TIM_PeriodElapsedCallback  tim_callback.o
    0x08006204   0x08006204   0x00000002   Code   RO         1371    i.HAL_TIM_TriggerCallback  stm32f4xx_hal_tim.o
    0x08006206   0x08006206   0x00000002   Code   RO          454    i.HAL_UART_ErrorCallback  stm32f4xx_hal_uart.o
    0x08006208   0x08006208   0x0000014c   Code   RO          457    i.HAL_UART_IRQHandler  stm32f4xx_hal_uart.o
    0x08006354   0x08006354   0x000001f0   Code   RO         5696    i.HAL_UART_MspInit  usart.o
    0x08006544   0x08006544   0x000000a8   Code   RO          462    i.HAL_UART_Receive_DMA  stm32f4xx_hal_uart.o
    0x080065ec   0x080065ec   0x00000060   Code   RO         4861    i.HAL_UART_RxCpltCallback  usart_callback.o
    0x0800664c   0x0800664c   0x00000002   Code   RO          465    i.HAL_UART_RxHalfCpltCallback  stm32f4xx_hal_uart.o
    0x0800664e   0x0800664e   0x000000d6   Code   RO          466    i.HAL_UART_Transmit  stm32f4xx_hal_uart.o
    0x08006724   0x08006724   0x00000002   Code   RO          469    i.HAL_UART_TxCpltCallback  stm32f4xx_hal_uart.o
    0x08006726   0x08006726   0x00000014   Code   RO         4719    i.HardFault_Handler  stm32f4xx_it.o
    0x0800673a   0x0800673a   0x00000002   PAD
    0x0800673c   0x0800673c   0x00000394   Code   RO         5027    i.IMU_Get_Data      m_imu.o
    0x08006ad0   0x08006ad0   0x00000124   Code   RO         4166    i.InitRoboData      robodata.o
    0x08006bf4   0x08006bf4   0x000000e4   Code   RO         5031    i.MPU6500_Init      m_imu.o
    0x08006cd8   0x08006cd8   0x00000054   Code   RO         5032    i.MPU6500_Read_Reg  m_imu.o
    0x08006d2c   0x08006d2c   0x00000064   Code   RO         5033    i.MPU6500_Read_Regs  m_imu.o
    0x08006d90   0x08006d90   0x00000058   Code   RO         5036    i.MPU6500_Write_Reg  m_imu.o
    0x08006de8   0x08006de8   0x00000044   Code   RO         5415    i.MX_CAN1_Init      can.o
    0x08006e2c   0x08006e2c   0x00000044   Code   RO         5416    i.MX_CAN2_Init      can.o
    0x08006e70   0x08006e70   0x00000340   Code   RO         5856    i.MX_GPIO_Init      gpio.o
    0x080071b0   0x080071b0   0x00000044   Code   RO         5565    i.MX_SPI5_Init      spi.o
    0x080071f4   0x080071f4   0x00000040   Code   RO         5697    i.MX_USART1_UART_Init  usart.o
    0x08007234   0x08007234   0x0000003c   Code   RO         5699    i.MX_USART3_UART_Init  usart.o
    0x08007270   0x08007270   0x0000003c   Code   RO         5701    i.MX_USART7_UART_Init  usart.o
    0x080072ac   0x080072ac   0x00000220   Code   RO         5784    i.MYDMA_Config      dma.o
    0x080074cc   0x080074cc   0x00000104   Code   RO         4551    i.ManualGetAmmo     ammo.o
    0x080075d0   0x080075d0   0x0000028c   Code   RO         4552    i.ManualRaise       ammo.o
    0x0800785c   0x0800785c   0x00000004   Code   RO         4720    i.MemManage_Handler  stm32f4xx_it.o
    0x08007860   0x08007860   0x00000058   Code   RO         4655    i.MonitorParaInit   t_monitor.o
    0x080078b8   0x080078b8   0x0000003c   Code   RO         5142    i.MotoParaInit      m_moto.o
    0x080078f4   0x080078f4   0x00000002   Code   RO         4721    i.NMI_Handler       stm32f4xx_it.o
    0x080078f6   0x080078f6   0x00000002   PAD
    0x080078f8   0x080078f8   0x00000010   Code   RO         3149    i.NVIC_GetPriorityGrouping  stm32f4xx_hal_cortex.o
    0x08007908   0x08007908   0x00000028   Code   RO         3150    i.NVIC_SetPriority  stm32f4xx_hal_cortex.o
    0x08007930   0x08007930   0x00000010   Code   RO         4722    i.OTG_FS_IRQHandler  stm32f4xx_it.o
    0x08007940   0x08007940   0x000000a2   Code   RO           45    i.PCD_WriteEmptyTxFifo  stm32f4xx_hal_pcd.o
    0x080079e2   0x080079e2   0x00000002   Code   RO         4723    i.PendSV_Handler    stm32f4xx_it.o
    0x080079e4   0x080079e4   0x0000003c   Code   RO         4407    i.PhotoelectricTubeDetect  chassis.o
    0x08007a20   0x08007a20   0x00000390   Code   RO         4913    i.PidCalc           pid.o
    0x08007db0   0x08007db0   0x00000034   Code   RO         4915    i.PidParaInit       pid.o
    0x08007de4   0x08007de4   0x000000d8   Code   RO         4916    i.PidSet_all        pid.o
    0x08007ebc   0x08007ebc   0x00000062   Code   RO         4917    i.PidSet_errband    pid.o
    0x08007f1e   0x08007f1e   0x00000066   Code   RO         4918    i.PidSet_limit      pid.o
    0x08007f84   0x08007f84   0x00000012   Code   RO         4919    i.PidSet_pidf       pid.o
    0x08007f96   0x08007f96   0x00000002   PAD
    0x08007f98   0x08007f98   0x00000088   Code   RO         4408    i.PulseSignal       chassis.o
    0x08008020   0x08008020   0x00000036   Code   RO         4981    i.RCDataParaInit    m_remote.o
    0x08008056   0x08008056   0x000000b8   Code   RO         4982    i.RCReadKey         m_remote.o
    0x0800810e   0x0800810e   0x000001de   Code   RO         4983    i.RemoteDataProcess  m_remote.o
    0x080082ec   0x080082ec   0x00000664   Code   RO         4553    i.RiseHeightSet     ammo.o
    0x08008950   0x08008950   0x00000028   Code   RO          859    i.SPI_CheckFlag_BSY  stm32f4xx_hal_spi.o
    0x08008978   0x08008978   0x000000aa   Code   RO          875    i.SPI_WaitFlagStateUntilTimeout  stm32f4xx_hal_spi.o
    0x08008a22   0x08008a22   0x00000002   Code   RO         4724    i.SVC_Handler       stm32f4xx_it.o
    0x08008a24   0x08008a24   0x00000094   Code   RO         4409    i.SemiautoAmmoCapture  chassis.o
    0x08008ab8   0x08008ab8   0x0000005e   Code   RO         5143    i.SetMotoCurrent    m_moto.o
    0x08008b16   0x08008b16   0x0000005c   Code   RO         4167    i.SetRoboControlMode  robodata.o
    0x08008b72   0x08008b72   0x0000000c   Code   RO         4725    i.SysTick_Handler   stm32f4xx_it.o
    0x08008b7e   0x08008b7e   0x00000002   PAD
    0x08008b80   0x08008b80   0x000000c4   Code   RO         3782    i.SystemClock_Config  main.o
    0x08008c44   0x08008c44   0x00000064   Code   RO         3744    i.SystemInit        system_stm32f4xx.o
    0x08008ca8   0x08008ca8   0x00000010   Code   RO         5608    i.TIM2_IRQHandler   tim.o
    0x08008cb8   0x08008cb8   0x00000028   Code   RO         5609    i.TIM2_Init         tim.o
    0x08008ce0   0x08008ce0   0x00000010   Code   RO         5610    i.TIM3_IRQHandler   tim.o
    0x08008cf0   0x08008cf0   0x00000058   Code   RO         5611    i.TIM3_Init         tim.o
    0x08008d48   0x08008d48   0x00000010   Code   RO         5612    i.TIM4_IRQHandler   tim.o
    0x08008d58   0x08008d58   0x00000028   Code   RO         5613    i.TIM4_Init         tim.o
    0x08008d80   0x08008d80   0x00000010   Code   RO         5614    i.TIM5_IRQHandler   tim.o
    0x08008d90   0x08008d90   0x00000028   Code   RO         5615    i.TIM5_Init         tim.o
    0x08008db8   0x08008db8   0x000000e4   Code   RO         1372    i.TIM_Base_SetConfig  stm32f4xx_hal_tim.o
    0x08008e9c   0x08008e9c   0x0000001c   Code   RO         1373    i.TIM_CCxChannelCmd  stm32f4xx_hal_tim.o
    0x08008eb8   0x08008eb8   0x00000018   Code   RO         1379    i.TIM_ETR_SetConfig  stm32f4xx_hal_tim.o
    0x08008ed0   0x08008ed0   0x00000014   Code   RO         1380    i.TIM_ITRx_SetConfig  stm32f4xx_hal_tim.o
    0x08008ee4   0x08008ee4   0x00000070   Code   RO         1381    i.TIM_OC1_SetConfig  stm32f4xx_hal_tim.o
    0x08008f54   0x08008f54   0x00000078   Code   RO         1382    i.TIM_OC2_SetConfig  stm32f4xx_hal_tim.o
    0x08008fcc   0x08008fcc   0x00000078   Code   RO         1383    i.TIM_OC3_SetConfig  stm32f4xx_hal_tim.o
    0x08009044   0x08009044   0x00000060   Code   RO         1384    i.TIM_OC4_SetConfig  stm32f4xx_hal_tim.o
    0x080090a4   0x080090a4   0x0000002a   Code   RO         1386    i.TIM_TI1_ConfigInputStage  stm32f4xx_hal_tim.o
    0x080090ce   0x080090ce   0x0000002c   Code   RO         1388    i.TIM_TI2_ConfigInputStage  stm32f4xx_hal_tim.o
    0x080090fa   0x080090fa   0x00000014   Code   RO          471    i.UART_DMAAbortOnError  stm32f4xx_hal_uart.o
    0x0800910e   0x0800910e   0x00000050   Code   RO          472    i.UART_DMAError     stm32f4xx_hal_uart.o
    0x0800915e   0x0800915e   0x00000046   Code   RO          473    i.UART_DMAReceiveCplt  stm32f4xx_hal_uart.o
    0x080091a4   0x080091a4   0x0000000e   Code   RO          474    i.UART_DMARxHalfCplt  stm32f4xx_hal_uart.o
    0x080091b2   0x080091b2   0x00000020   Code   RO          477    i.UART_EndRxTransfer  stm32f4xx_hal_uart.o
    0x080091d2   0x080091d2   0x00000020   Code   RO          478    i.UART_EndTransmit_IT  stm32f4xx_hal_uart.o
    0x080091f2   0x080091f2   0x00000014   Code   RO          479    i.UART_EndTxTransfer  stm32f4xx_hal_uart.o
    0x08009206   0x08009206   0x0000009a   Code   RO          480    i.UART_Receive_IT   stm32f4xx_hal_uart.o
    0x080092a0   0x080092a0   0x00000368   Code   RO          481    i.UART_SetConfig    stm32f4xx_hal_uart.o
    0x08009608   0x08009608   0x00000068   Code   RO          482    i.UART_Transmit_IT  stm32f4xx_hal_uart.o
    0x08009670   0x08009670   0x0000006c   Code   RO          483    i.UART_WaitOnFlagUntilTimeout  stm32f4xx_hal_uart.o
    0x080096dc   0x080096dc   0x00000014   Code   RO         5703    i.USART1_IRQHandler  usart.o
    0x080096f0   0x080096f0   0x00000016   Code   RO         3545    i.USBD_ClrClassConfig  usbd_core.o
    0x08009706   0x08009706   0x00000044   Code   RO         3450    i.USBD_ClrFeature   usbd_ctlreq.o
    0x0800974a   0x0800974a   0x00000018   Code   RO         3683    i.USBD_CtlContinueRx  usbd_ioreq.o
    0x08009762   0x08009762   0x00000018   Code   RO         3684    i.USBD_CtlContinueSendData  usbd_ioreq.o
    0x0800977a   0x0800977a   0x00000018   Code   RO         3451    i.USBD_CtlError     usbd_ctlreq.o
    0x08009792   0x08009792   0x0000001a   Code   RO         3686    i.USBD_CtlReceiveStatus  usbd_ioreq.o
    0x080097ac   0x080097ac   0x00000022   Code   RO         3687    i.USBD_CtlSendData  usbd_ioreq.o
    0x080097ce   0x080097ce   0x0000001a   Code   RO         3688    i.USBD_CtlSendStatus  usbd_ioreq.o
    0x080097e8   0x080097e8   0x00000050   Code   RO         3452    i.USBD_GetConfig    usbd_ctlreq.o
    0x08009838   0x08009838   0x00000148   Code   RO         3453    i.USBD_GetDescriptor  usbd_ctlreq.o
    0x08009980   0x08009980   0x00000044   Code   RO         3455    i.USBD_GetStatus    usbd_ctlreq.o
    0x080099c4   0x080099c4   0x00000014   Code   RO         6006    i.USBD_LL_ClearStallEP  usbd_conf.o
    0x080099d8   0x080099d8   0x000000da   Code   RO         3548    i.USBD_LL_DataInStage  usbd_core.o
    0x08009ab2   0x08009ab2   0x00000086   Code   RO         3549    i.USBD_LL_DataOutStage  usbd_core.o
    0x08009b38   0x08009b38   0x00000006   Code   RO         3550    i.USBD_LL_DevConnected  usbd_core.o
    0x08009b3e   0x08009b3e   0x0000001a   Code   RO         3551    i.USBD_LL_DevDisconnected  usbd_core.o
    0x08009b58   0x08009b58   0x00000038   Code   RO         6013    i.USBD_LL_IsStallEP  usbd_conf.o
    0x08009b90   0x08009b90   0x00000006   Code   RO         3552    i.USBD_LL_IsoINIncomplete  usbd_core.o
    0x08009b96   0x08009b96   0x00000006   Code   RO         3553    i.USBD_LL_IsoOUTIncomplete  usbd_core.o
    0x08009b9c   0x08009b9c   0x00000020   Code   RO         6014    i.USBD_LL_OpenEP    usbd_conf.o
    0x08009bbc   0x08009bbc   0x00000020   Code   RO         6015    i.USBD_LL_PrepareReceive  usbd_conf.o
    0x08009bdc   0x08009bdc   0x00000044   Code   RO         3554    i.USBD_LL_Reset     usbd_core.o
    0x08009c20   0x08009c20   0x0000000e   Code   RO         3555    i.USBD_LL_Resume    usbd_core.o
    0x08009c2e   0x08009c2e   0x00000022   Code   RO         3556    i.USBD_LL_SOF       usbd_core.o
    0x08009c50   0x08009c50   0x00000008   Code   RO         3557    i.USBD_LL_SetSpeed  usbd_core.o
    0x08009c58   0x08009c58   0x00000014   Code   RO         6016    i.USBD_LL_SetUSBAddress  usbd_conf.o
    0x08009c6c   0x08009c6c   0x0000006e   Code   RO         3558    i.USBD_LL_SetupStage  usbd_core.o
    0x08009cda   0x08009cda   0x00000014   Code   RO         6017    i.USBD_LL_StallEP   usbd_conf.o
    0x08009cee   0x08009cee   0x00000014   Code   RO         3559    i.USBD_LL_Suspend   usbd_core.o
    0x08009d02   0x08009d02   0x00000020   Code   RO         6020    i.USBD_LL_Transmit  usbd_conf.o
    0x08009d22   0x08009d22   0x00000028   Code   RO         3457    i.USBD_ParseSetupRequest  usbd_ctlreq.o
    0x08009d4a   0x08009d4a   0x00000006   Code   RO         3561    i.USBD_RunTestMode  usbd_core.o
    0x08009d50   0x08009d50   0x00000054   Code   RO         3458    i.USBD_SetAddress   usbd_ctlreq.o
    0x08009da4   0x08009da4   0x00000022   Code   RO         3562    i.USBD_SetClassConfig  usbd_core.o
    0x08009dc6   0x08009dc6   0x00000002   PAD
    0x08009dc8   0x08009dc8   0x000000e0   Code   RO         3459    i.USBD_SetConfig    usbd_ctlreq.o
    0x08009ea8   0x08009ea8   0x00000024   Code   RO         3460    i.USBD_SetFeature   usbd_ctlreq.o
    0x08009ecc   0x08009ecc   0x00000072   Code   RO         3461    i.USBD_StdDevReq    usbd_ctlreq.o
    0x08009f3e   0x08009f3e   0x00000156   Code   RO         3462    i.USBD_StdEPReq     usbd_ctlreq.o
    0x0800a094   0x0800a094   0x0000004a   Code   RO         3463    i.USBD_StdItfReq    usbd_ctlreq.o
    0x0800a0de   0x0800a0de   0x00000002   PAD
    0x0800a0e0   0x0800a0e0   0x000000c4   Code   RO         2816    i.USB_ActivateEndpoint  stm32f4xx_ll_usb.o
    0x0800a1a4   0x0800a1a4   0x00000044   Code   RO         2817    i.USB_ActivateSetup  stm32f4xx_ll_usb.o
    0x0800a1e8   0x0800a1e8   0x000001b0   Code   RO         2829    i.USB_EP0StartXfer  stm32f4xx_ll_usb.o
    0x0800a398   0x0800a398   0x00000044   Code   RO         2830    i.USB_EP0_OutStart  stm32f4xx_ll_usb.o
    0x0800a3dc   0x0800a3dc   0x00000088   Code   RO         2831    i.USB_EPClearStall  stm32f4xx_ll_usb.o
    0x0800a464   0x0800a464   0x0000008c   Code   RO         2832    i.USB_EPSetStall    stm32f4xx_ll_usb.o
    0x0800a4f0   0x0800a4f0   0x000002d0   Code   RO         2833    i.USB_EPStartXfer   stm32f4xx_ll_usb.o
    0x0800a7c0   0x0800a7c0   0x00000030   Code   RO         2836    i.USB_FlushTxFifo   stm32f4xx_ll_usb.o
    0x0800a7f0   0x0800a7f0   0x00000044   Code   RO         2838    i.USB_GetDevSpeed   stm32f4xx_ll_usb.o
    0x0800a834   0x0800a834   0x0000000a   Code   RO         2840    i.USB_GetMode       stm32f4xx_ll_usb.o
    0x0800a83e   0x0800a83e   0x00000012   Code   RO         2847    i.USB_ReadDevAllInEpInterrupt  stm32f4xx_ll_usb.o
    0x0800a850   0x0800a850   0x00000012   Code   RO         2848    i.USB_ReadDevAllOutEpInterrupt  stm32f4xx_ll_usb.o
    0x0800a862   0x0800a862   0x0000002c   Code   RO         2849    i.USB_ReadDevInEPInterrupt  stm32f4xx_ll_usb.o
    0x0800a88e   0x0800a88e   0x00000016   Code   RO         2850    i.USB_ReadDevOutEPInterrupt  stm32f4xx_ll_usb.o
    0x0800a8a4   0x0800a8a4   0x0000000c   Code   RO         2851    i.USB_ReadInterrupts  stm32f4xx_ll_usb.o
    0x0800a8b0   0x0800a8b0   0x00000022   Code   RO         2852    i.USB_ReadPacket    stm32f4xx_ll_usb.o
    0x0800a8d2   0x0800a8d2   0x00000024   Code   RO         2855    i.USB_SetDevAddress  stm32f4xx_ll_usb.o
    0x0800a8f6   0x0800a8f6   0x00000030   Code   RO         2859    i.USB_WritePacket   stm32f4xx_ll_usb.o
    0x0800a926   0x0800a926   0x00000004   Code   RO         4726    i.UsageFault_Handler  stm32f4xx_it.o
    0x0800a92a   0x0800a92a   0x00000002   PAD
    0x0800a92c   0x0800a92c   0x00000040   Code   RO         5281    i.Verify_CRC16_Check_Sum  dji_protocol.o
    0x0800a96c   0x0800a96c   0x0000002e   Code   RO         5282    i.Verify_CRC8_Check_Sum  dji_protocol.o
    0x0800a99a   0x0800a99a   0x00000002   PAD
    0x0800a99c   0x0800a99c   0x00000160   Code   RO         4410    i.VersionChangeSlowly  chassis.o
    0x0800aafc   0x0800aafc   0x00000030   Code   RO         6374    i.__ARM_fpclassify  m_wm.l(fpclassify.o)
    0x0800ab2c   0x0800ab2c   0x00000004   PAD
    0x0800ab30   0x0800ab30   0x00000360   Code   RO         6246    i.__hardfp_asin     m_wm.l(asin.o)
    0x0800ae90   0x0800ae90   0x000000c8   Code   RO         6260    i.__hardfp_cos      m_wm.l(cos.o)
    0x0800af58   0x0800af58   0x00000014   Code   RO         6272    i.__hardfp_fabs     m_wm.l(fabs.o)
    0x0800af6c   0x0800af6c   0x00000004   PAD
    0x0800af70   0x0800af70   0x000000c8   Code   RO         6278    i.__hardfp_sin      m_wm.l(sin.o)
    0x0800b038   0x0800b038   0x0000007a   Code   RO         6290    i.__hardfp_sqrt     m_wm.l(sqrt.o)
    0x0800b0b2   0x0800b0b2   0x00000006   PAD
    0x0800b0b8   0x0800b0b8   0x00000438   Code   RO         6378    i.__ieee754_rem_pio2  m_wm.l(rred.o)
    0x0800b4f0   0x0800b4f0   0x00000170   Code   RO         6357    i.__kernel_cos      m_wm.l(cos_i.o)
    0x0800b660   0x0800b660   0x000000f8   Code   RO         6376    i.__kernel_poly     m_wm.l(poly.o)
    0x0800b758   0x0800b758   0x00000130   Code   RO         6383    i.__kernel_sin      m_wm.l(sin_i.o)
    0x0800b888   0x0800b888   0x00000014   Code   RO         6361    i.__mathlib_dbl_infnan  m_wm.l(dunder.o)
    0x0800b89c   0x0800b89c   0x00000004   PAD
    0x0800b8a0   0x0800b8a0   0x00000020   Code   RO         6363    i.__mathlib_dbl_invalid  m_wm.l(dunder.o)
    0x0800b8c0   0x0800b8c0   0x00000020   Code   RO         6366    i.__mathlib_dbl_underflow  m_wm.l(dunder.o)
    0x0800b8e0   0x0800b8e0   0x0000000e   Code   RO         6433    i.__scatterload_copy  mc_w.l(handlers.o)
    0x0800b8ee   0x0800b8ee   0x00000002   Code   RO         6434    i.__scatterload_null  mc_w.l(handlers.o)
    0x0800b8f0   0x0800b8f0   0x0000000e   Code   RO         6435    i.__scatterload_zeroinit  mc_w.l(handlers.o)
    0x0800b8fe   0x0800b8fe   0x00000002   PAD
    0x0800b900   0x0800b900   0x0000000c   Code   RO         6411    i.__set_errno       mc_w.l(errno.o)
    0x0800b90c   0x0800b90c   0x00000148   Code   RO         3783    i.all_bsp_init      main.o
    0x0800ba54   0x0800ba54   0x0000035c   Code   RO         3784    i.all_pid_init      main.o
    0x0800bdb0   0x0800bdb0   0x00000014   Code   RO         3785    i.all_sensor_init   main.o
    0x0800bdc4   0x0800bdc4   0x00000170   Code   RO         5283    i.dji_DataProcess   dji_protocol.o
    0x0800bf34   0x0800bf34   0x00000018   Code   RO         6274    i.fabs              m_wm.l(fabs.o)
    0x0800bf4c   0x0800bf4c   0x00000064   Code   RO         4554    i.launch_one        ammo.o
    0x0800bfb0   0x0800bfb0   0x00000090   Code   RO         3787    i.main              main.o
    0x0800c040   0x0800c040   0x00000040   Code   RO         4656    i.monitor_can_process  t_monitor.o
    0x0800c080   0x0800c080   0x00000064   Code   RO         4657    i.monitor_chassis_moto_process  t_monitor.o
    0x0800c0e4   0x0800c0e4   0x00000064   Code   RO         4658    i.monitor_raising_moto_process  t_monitor.o
    0x0800c148   0x0800c148   0x00000028   Code   RO         4659    i.monitor_remote_process  t_monitor.o
    0x0800c170   0x0800c170   0x0000006e   Code   RO         6292    i.sqrt              m_wm.l(sqrt.o)
    0x0800c1de   0x0800c1de   0x00000060   Code   RO         5367    i.uart_receive_handler  idle_interrupt.o
    0x0800c23e   0x0800c23e   0x00000002   Code   RO         5368    i.uart_rx_idle_callback  idle_interrupt.o
    0x0800c240   0x0800c240   0x00000010   Data   RO          351    .constdata          stm32f4xx_hal_rcc.o
    0x0800c250   0x0800c250   0x00000008   Data   RO         1123    .constdata          stm32f4xx_hal_dma.o
    0x0800c258   0x0800c258   0x0000001c   Data   RO         4412    .constdata          chassis.o
    0x0800c274   0x0800c274   0x00000014   Data   RO         5039    .constdata          m_imu.o
    0x0800c288   0x0800c288   0x00000302   Data   RO         5285    .constdata          dji_protocol.o
    0x0800c58a   0x0800c58a   0x00000006   PAD
    0x0800c590   0x0800c590   0x00000050   Data   RO         6249    .constdata          m_wm.l(asin.o)
    0x0800c5e0   0x0800c5e0   0x00000030   Data   RO         6358    .constdata          m_wm.l(cos_i.o)
    0x0800c610   0x0800c610   0x000000c8   Data   RO         6380    .constdata          m_wm.l(rred.o)
    0x0800c6d8   0x0800c6d8   0x00000028   Data   RO         6384    .constdata          m_wm.l(sin_i.o)
    0x0800c700   0x0800c700   0x00000020   Data   RO         6431    Region$$Table       anon$$obj.o


    Execution Region RW_IRAM1 (Exec base: 0x20000000, Load base: 0x0800c720, Size: 0x000025a0, Max: 0x00030000, ABSOLUTE, COMPRESSED[0x00000030])

    Exec Addr    Load Addr    Size         Type   Attr      Idx    E Section Name        Object

    0x20000000   COMPRESSED   0x00000004   Data   RW         2561    .data               stm32f4xx_hal.o
    0x20000004   COMPRESSED   0x00000001   Data   RW         3464    .data               usbd_ctlreq.o
    0x20000005   COMPRESSED   0x00000003   PAD
    0x20000008   COMPRESSED   0x00000004   Data   RW         3746    .data               system_stm32f4xx.o
    0x2000000c   COMPRESSED   0x00000014   Data   RW         3959    .data               tim_callback.o
    0x20000020   COMPRESSED   0x00000030   Data   RW         4168    .data               robodata.o
    0x20000050   COMPRESSED   0x00000048   Data   RW         4413    .data               chassis.o
    0x20000098   COMPRESSED   0x00000009   Data   RW         4508    .data               cylinder.o
    0x200000a1   COMPRESSED   0x00000003   PAD
    0x200000a4   COMPRESSED   0x00000050   Data   RW         4556    .data               ammo.o
    0x200000f4   COMPRESSED   0x00000002   Data   RW         4661    .data               t_monitor.o
    0x200000f6   COMPRESSED   0x00000003   Data   RW         4835    .data               can_callback.o
    0x200000f9   COMPRESSED   0x00000003   Data   RW         4886    .data               gpio_callback.o
    0x200000fc   COMPRESSED   0x00000020   Data   RW         5040    .data               m_imu.o
    0x2000011c   COMPRESSED   0x00000008   Data   RW         5286    .data               dji_protocol.o
    0x20000124   COMPRESSED   0x00000004   Data   RW         5420    .data               can.o
    0x20000128   COMPRESSED   0x00000004   Data   RW         6412    .data               mc_w.l(errno.o)
    0x2000012c        -       0x000000ec   Zero   RW         4411    .bss                chassis.o
    0x20000218        -       0x00000038   Zero   RW         4555    .bss                ammo.o
    0x20000250        -       0x00000050   Zero   RW         4660    .bss                t_monitor.o
    0x200002a0        -       0x00000038   Zero   RW         4984    .bss                m_remote.o
    0x200002d8        -       0x00000324   Zero   RW         5038    .bss                m_imu.o
    0x200005fc        -       0x00000f00   Zero   RW         5144    .bss                m_moto.o
    0x200014fc        -       0x000000ad   Zero   RW         5284    .bss                dji_protocol.o
    0x200015a9   COMPRESSED   0x00000003   PAD
    0x200015ac        -       0x00000180   Zero   RW         5419    .bss                can.o
    0x2000172c        -       0x00000058   Zero   RW         5566    .bss                spi.o
    0x20001784        -       0x0000012c   Zero   RW         5616    .bss                tim.o
    0x200018b0        -       0x00000238   Zero   RW         5704    .bss                usart.o
    0x20001ae8        -       0x00000300   Zero   RW         5787    .bss                dma.o
    0x20001de8        -       0x000003b8   Zero   RW         6021    .bss                usbd_conf.o
    0x200021a0        -       0x00000400   Zero   RW            1    STACK               startup_stm32f427xx.o


==============================================================================

Image component sizes


      Code (inc. data)   RO Data    RW Data    ZI Data      Debug   Object Name

      4576        446          0         80         56       8538   ammo.o
       548         68          0          4        384       3787   can.o
       244         30          0          3          0       1454   can_callback.o
      4216        410         28         72        236      12541   chassis.o
       692         34          0          9          0       2212   cylinder.o
      1060         62        770          8        173      11277   dji_protocol.o
       640        102          0          0        768       4829   dma.o
       832         42          0          0          0       1615   gpio.o
        96         14          0          3          0        908   gpio_callback.o
        98          0          0          0          0       1511   idle_interrupt.o
      2376        220         20         32        804       8077   m_imu.o
       154         10          0          0       3840       2603   m_moto.o
       716          0          0          0         56       3627   m_remote.o
      1552        196          0          0          0       6985   main.o
       324         14          0          0          0       1502   moto_encoder.o
      1444         24          0          0          0       5762   pid.o
      1292        146          0         48          0     230586   robodata.o
       160         20          0          0         88       1649   spi.o
        36          8        428          0       1024        852   startup_stm32f427xx.o
       154         20          0          4          0       4203   stm32f4xx_hal.o
      2538         34          0          0          0       7556   stm32f4xx_hal_can.o
       416         30          0          0          0      33252   stm32f4xx_hal_cortex.o
      1394         20          8          0          0       6963   stm32f4xx_hal_dma.o
       596         58          0          0          0       3734   stm32f4xx_hal_gpio.o
        86          0          0          0          0        526   stm32f4xx_hal_msp.o
      2504         46          0          0          0     372499   stm32f4xx_hal_pcd.o
      1668         70         16          0          0       5687   stm32f4xx_hal_rcc.o
       892          0          0          0          0       4297   stm32f4xx_hal_spi.o
      2092         88          0          0          0      15533   stm32f4xx_hal_tim.o
       102          0          0          0          0       2338   stm32f4xx_hal_tim_ex.o
      2380         28          0          0          0      13084   stm32f4xx_hal_uart.o
       164         30          0          0          0       8193   stm32f4xx_it.o
      2118         20          0          0          0      13097   stm32f4xx_ll_usb.o
       100         18          0          4          0       1337   system_stm32f4xx.o
       392         70          0          2         80       4319   t_monitor.o
       856        118          0          0        300       6693   tim.o
       548         82          0         20          0     254681   tim_callback.o
       700         82          0          0        568       4251   usart.o
        96         32          0          0          0       1002   usart_callback.o
         0          0          0          0          0       4372   usbd_cdc.o
       488          6          0          0        952      11835   usbd_conf.o
       712          0          0          0          0      10743   usbd_core.o
      1482         30          0          1          0       9459   usbd_ctlreq.o
       134          0          0          0          0       3960   usbd_ioreq.o

    ----------------------------------------------------------------------
     43700       2728       1308        296       9332    1113929   Object Totals
         0          0         32          0          0          0   (incl. Generated)
        32          0          6          6          3          0   (incl. Padding)

    ----------------------------------------------------------------------

      Code (inc. data)   RO Data    RW Data    ZI Data      Debug   Library Member Name

       864         94         80          0          0        280   asin.o
       200         20          0          0          0        164   cos.o
       368         46         48          0          0        200   cos_i.o
        84         16          0          0          0        372   dunder.o
        44          0          0          0          0        248   fabs.o
        48          0          0          0          0        124   fpclassify.o
       248          0          0          0          0        152   poly.o
      1080        142        200          0          0        188   rred.o
       200         20          0          0          0        164   sin.o
       304         24         40          0          0        208   sin_i.o
       232          0          0          0          0        296   sqrt.o
        86          0          0          0          0          0   __dczerorl2.o
         0          0          0          0          0          0   entry.o
         0          0          0          0          0          0   entry10a.o
         0          0          0          0          0          0   entry11a.o
         8          4          0          0          0          0   entry2.o
         4          0          0          0          0          0   entry5.o
         0          0          0          0          0          0   entry7b.o
         0          0          0          0          0          0   entry8b.o
         8          4          0          0          0          0   entry9a.o
        12          6          0          4          0         68   errno.o
        30          0          0          0          0          0   handlers.o
        36          8          0          0          0         68   init.o
         0          0          0          0          0          0   iusefp.o
        30          0          0          0          0         68   llshl.o
        36          0          0          0          0         68   llsshr.o
        32          0          0          0          0         68   llushr.o
        36          0          0          0          0         68   memcpya.o
        36          0          0          0          0        108   memseta.o
        48          0          0          0          0         68   cdcmple.o
        48          0          0          0          0         68   cdrcmple.o
        56          0          0          0          0         88   d2f.o
       334          0          0          0          0        148   dadd.o
       222          0          0          0          0        100   ddiv.o
       186          0          0          0          0        176   depilogue.o
        62          0          0          0          0         80   dfixi.o
        34          0          0          0          0         76   dflti.o
        26          0          0          0          0         76   dfltui.o
       228          0          0          0          0         96   dmul.o
       162          0          0          0          0        100   dsqrt.o
        38          0          0          0          0         68   f2d.o
       110          0          0          0          0        168   fepilogue.o

    ----------------------------------------------------------------------
      5600        384        368          4          0       4224   Library Totals
        20          0          0          0          0          0   (incl. Padding)

    ----------------------------------------------------------------------

      Code (inc. data)   RO Data    RW Data    ZI Data      Debug   Library Name

      3672        362        368          0          0       2396   m_wm.l
       354         22          0          4          0        516   mc_w.l
      1554          0          0          0          0       1312   mf_w.l

    ----------------------------------------------------------------------
      5600        384        368          4          0       4224   Library Totals

    ----------------------------------------------------------------------

==============================================================================


      Code (inc. data)   RO Data    RW Data    ZI Data      Debug   

     49300       3112       1676        300       9332    1088553   Grand Totals
     49300       3112       1676         48       9332    1088553   ELF Image Totals (compressed)
     49300       3112       1676         48          0          0   ROM Totals

==============================================================================

    Total RO  Size (Code + RO Data)                50976 (  49.78kB)
    Total RW  Size (RW Data + ZI Data)              9632 (   9.41kB)
    Total ROM Size (Code + RO Data + RW Data)      51024 (  49.83kB)

==============================================================================

